main.c:101:6:BatteryInit	16	static
main.c:152:5:main	8	static
main.c:241:6:SystemClock_Config	88	static
main.c:285:13:MX_ADC1_Init	24	static
main.c:335:13:MX_CAN1_Init	8	static
main.c:372:13:MX_SPI1_Init	8	static
main.c:410:13:MX_TIM1_Init	96	static
main.c:498:13:MX_TIM2_Init	32	static
main.c:543:13:MX_TIM3_Init	48	static
main.c:601:13:MX_USART1_UART_Init	8	static
main.c:634:13:MX_GPIO_Init	48	static
main.c:679:9:InitializeEvent	8	static
main.c:684:9:IdleEvent	8	static
main.c:700:9:PrechargingEvent	8	static
main.c:705:9:RunEvent	8	static
main.c:715:9:StopEvent	8	static
main.c:726:9:SleepEvent	8	static
main.c:737:9:NormalDangerFaultEvent	8	static
main.c:748:9:SevereDangerFaultEvent	8	static
main.c:753:9:ChargingEvent	8	static
main.c:762:9:ChargedEvent	8	static
main.c:773:9:BalancingEvent	4	static
main.c:785:6:StartDefaultTask	128	static
main.c:815:6:StartMeasurments	16	static
main.c:834:6:HAL_TIM_PeriodElapsedCallback	16	static
main.c:851:6:Error_Handler	4	static,ignoring_inline_asm
