main.c:92:5:main	8	static
main.c:177:6:SystemClock_Config	88	static
main.c:221:13:MX_ADC1_Init	24	static
main.c:271:13:MX_CAN1_Init	8	static
main.c:308:13:MX_SPI1_Init	8	static
main.c:346:13:MX_TIM1_Init	96	static
main.c:434:13:MX_TIM2_Init	32	static
main.c:479:13:MX_TIM3_Init	48	static
main.c:537:13:MX_USART1_UART_Init	8	static
main.c:570:13:MX_GPIO_Init	48	static
main.c:623:6:StartDefaultTask	16	static
main.c:642:6:HAL_TIM_PeriodElapsedCallback	16	static
main.c:659:6:Error_Handler	4	static,ignoring_inline_asm
