state_machine.c:64:9:InitializeEvent	8	static
state_machine.c:69:9:IdleEvent	8	static
state_machine.c:85:9:PrechargingEvent	8	static
state_machine.c:91:9:RunEvent	8	static
state_machine.c:102:9:StopEvent	8	static
state_machine.c:112:9:SleepEvent	8	static
state_machine.c:122:9:NormalDangerFaultEvent	8	static
state_machine.c:132:9:SevereDangerFaultEvent	8	static
state_machine.c:137:9:ChargingEvent	8	static
state_machine.c:146:9:ChargedEvent	8	static
state_machine.c:156:9:BalancingEvent	4	static
state_machine.c:168:6:StartMeasurments	16	static
state_machine.c:188:6:StartStateMachine	120	static
