Archive member included to satisfy reference by file (symbol)

c:/st/stm32cubeide_1.6.1/stm32cubeide/plugins/com.st.stm32cube.ide.mcu.externaltools.gnu-tools-for-stm32.9-2020-q2-update.win32_1.5.0.202011040924/tools/bin/../lib/gcc/arm-none-eabi/9.3.1/../../../../arm-none-eabi/lib/thumb/v7e-m+fp/hard\libc_nano.a(lib_a-errno.o)
                              Core/Src/syscalls.o (__errno)
c:/st/stm32cubeide_1.6.1/stm32cubeide/plugins/com.st.stm32cube.ide.mcu.externaltools.gnu-tools-for-stm32.9-2020-q2-update.win32_1.5.0.202011040924/tools/bin/../lib/gcc/arm-none-eabi/9.3.1/../../../../arm-none-eabi/lib/thumb/v7e-m+fp/hard\libc_nano.a(lib_a-exit.o)
                              c:/st/stm32cubeide_1.6.1/stm32cubeide/plugins/com.st.stm32cube.ide.mcu.externaltools.gnu-tools-for-stm32.9-2020-q2-update.win32_1.5.0.202011040924/tools/bin/../lib/gcc/arm-none-eabi/9.3.1/../../../../arm-none-eabi/lib/thumb/v7e-m+fp/hard/crt0.o (exit)
c:/st/stm32cubeide_1.6.1/stm32cubeide/plugins/com.st.stm32cube.ide.mcu.externaltools.gnu-tools-for-stm32.9-2020-q2-update.win32_1.5.0.202011040924/tools/bin/../lib/gcc/arm-none-eabi/9.3.1/../../../../arm-none-eabi/lib/thumb/v7e-m+fp/hard\libc_nano.a(lib_a-impure.o)
                              c:/st/stm32cubeide_1.6.1/stm32cubeide/plugins/com.st.stm32cube.ide.mcu.externaltools.gnu-tools-for-stm32.9-2020-q2-update.win32_1.5.0.202011040924/tools/bin/../lib/gcc/arm-none-eabi/9.3.1/../../../../arm-none-eabi/lib/thumb/v7e-m+fp/hard\libc_nano.a(lib_a-exit.o) (_global_impure_ptr)
c:/st/stm32cubeide_1.6.1/stm32cubeide/plugins/com.st.stm32cube.ide.mcu.externaltools.gnu-tools-for-stm32.9-2020-q2-update.win32_1.5.0.202011040924/tools/bin/../lib/gcc/arm-none-eabi/9.3.1/../../../../arm-none-eabi/lib/thumb/v7e-m+fp/hard\libc_nano.a(lib_a-init.o)
                              c:/st/stm32cubeide_1.6.1/stm32cubeide/plugins/com.st.stm32cube.ide.mcu.externaltools.gnu-tools-for-stm32.9-2020-q2-update.win32_1.5.0.202011040924/tools/bin/../lib/gcc/arm-none-eabi/9.3.1/../../../../arm-none-eabi/lib/thumb/v7e-m+fp/hard/crt0.o (__libc_init_array)
c:/st/stm32cubeide_1.6.1/stm32cubeide/plugins/com.st.stm32cube.ide.mcu.externaltools.gnu-tools-for-stm32.9-2020-q2-update.win32_1.5.0.202011040924/tools/bin/../lib/gcc/arm-none-eabi/9.3.1/../../../../arm-none-eabi/lib/thumb/v7e-m+fp/hard\libc_nano.a(lib_a-memcpy-stub.o)
                              Core/Src/bms_entry.o (memcpy)
c:/st/stm32cubeide_1.6.1/stm32cubeide/plugins/com.st.stm32cube.ide.mcu.externaltools.gnu-tools-for-stm32.9-2020-q2-update.win32_1.5.0.202011040924/tools/bin/../lib/gcc/arm-none-eabi/9.3.1/../../../../arm-none-eabi/lib/thumb/v7e-m+fp/hard\libc_nano.a(lib_a-memset.o)
                              c:/st/stm32cubeide_1.6.1/stm32cubeide/plugins/com.st.stm32cube.ide.mcu.externaltools.gnu-tools-for-stm32.9-2020-q2-update.win32_1.5.0.202011040924/tools/bin/../lib/gcc/arm-none-eabi/9.3.1/../../../../arm-none-eabi/lib/thumb/v7e-m+fp/hard/crt0.o (memset)
c:/st/stm32cubeide_1.6.1/stm32cubeide/plugins/com.st.stm32cube.ide.mcu.externaltools.gnu-tools-for-stm32.9-2020-q2-update.win32_1.5.0.202011040924/tools/bin/../lib/gcc/arm-none-eabi/9.3.1/../../../../arm-none-eabi/lib/thumb/v7e-m+fp/hard\libc_nano.a(lib_a-sprintf.o)
                              Core/Src/ltc6813.o (sprintf)
c:/st/stm32cubeide_1.6.1/stm32cubeide/plugins/com.st.stm32cube.ide.mcu.externaltools.gnu-tools-for-stm32.9-2020-q2-update.win32_1.5.0.202011040924/tools/bin/../lib/gcc/arm-none-eabi/9.3.1/../../../../arm-none-eabi/lib/thumb/v7e-m+fp/hard\libc_nano.a(lib_a-strlen.o)
                              Core/Src/bms_entry.o (strlen)
c:/st/stm32cubeide_1.6.1/stm32cubeide/plugins/com.st.stm32cube.ide.mcu.externaltools.gnu-tools-for-stm32.9-2020-q2-update.win32_1.5.0.202011040924/tools/bin/../lib/gcc/arm-none-eabi/9.3.1/../../../../arm-none-eabi/lib/thumb/v7e-m+fp/hard\libc_nano.a(lib_a-nano-svfprintf.o)
                              c:/st/stm32cubeide_1.6.1/stm32cubeide/plugins/com.st.stm32cube.ide.mcu.externaltools.gnu-tools-for-stm32.9-2020-q2-update.win32_1.5.0.202011040924/tools/bin/../lib/gcc/arm-none-eabi/9.3.1/../../../../arm-none-eabi/lib/thumb/v7e-m+fp/hard\libc_nano.a(lib_a-sprintf.o) (_svfprintf_r)
c:/st/stm32cubeide_1.6.1/stm32cubeide/plugins/com.st.stm32cube.ide.mcu.externaltools.gnu-tools-for-stm32.9-2020-q2-update.win32_1.5.0.202011040924/tools/bin/../lib/gcc/arm-none-eabi/9.3.1/../../../../arm-none-eabi/lib/thumb/v7e-m+fp/hard\libc_nano.a(lib_a-nano-vfprintf_i.o)
                              c:/st/stm32cubeide_1.6.1/stm32cubeide/plugins/com.st.stm32cube.ide.mcu.externaltools.gnu-tools-for-stm32.9-2020-q2-update.win32_1.5.0.202011040924/tools/bin/../lib/gcc/arm-none-eabi/9.3.1/../../../../arm-none-eabi/lib/thumb/v7e-m+fp/hard\libc_nano.a(lib_a-nano-svfprintf.o) (_printf_i)
[...]
Memory Configuration

Name             Origin             Length             Attributes
CCMRAM           0x0000000010000000 0x0000000000010000 xrw
RAM              0x0000000020000000 0x0000000000020000 xrw
FLASH            0x0000000008000000 0x0000000000100000 xr
*default*        0x0000000000000000 0xffffffffffffffff

Linker script and memory map

LOAD c:/st/stm32cubeide_1.6.1/stm32cubeide/plugins/com.st.stm32cube.ide.mcu.externaltools.gnu-tools-for-stm32.9-2020-q2-update.win32_1.5.0.202011040924/tools/bin/../lib/gcc/arm-none-eabi/9.3.1/thumb/v7e-m+fp/hard/crti.o
LOAD c:/st/stm32cubeide_1.6.1/stm32cubeide/plugins/com.st.stm32cube.ide.mcu.externaltools.gnu-tools-for-stm32.9-2020-q2-update.win32_1.5.0.202011040924/tools/bin/../lib/gcc/arm-none-eabi/9.3.1/thumb/v7e-m+fp/hard/crtbegin.o
LOAD c:/st/stm32cubeide_1.6.1/stm32cubeide/plugins/com.st.stm32cube.ide.mcu.externaltools.gnu-tools-for-stm32.9-2020-q2-update.win32_1.5.0.202011040924/tools/bin/../lib/gcc/arm-none-eabi/9.3.1/../../../../arm-none-eabi/lib/thumb/v7e-m+fp/hard/crt0.o
LOAD Core/Src/bms_entry.o
LOAD Core/Src/globals.o
LOAD Core/Src/ltc6813.o
LOAD Core/Src/main.o
LOAD Core/Src/stm32f4xx_hal_msp.o
LOAD Core/Src/stm32f4xx_it.o
LOAD Core/Src/syscalls.o
LOAD Core/Src/sysmem.o
LOAD Core/Src/system_stm32f4xx.o
LOAD Core/Src/timer_utils.o
LOAD Core/Startup/startup_stm32f405rgtx.o
LOAD Drivers/STM32F4xx_HAL_Driver/Src/stm32f4xx_hal.o
LOAD Drivers/STM32F4xx_HAL_Driver/Src/stm32f4xx_hal_can.o
LOAD Drivers/STM32F4xx_HAL_Driver/Src/stm32f4xx_hal_cortex.o
LOAD Drivers/STM32F4xx_HAL_Driver/Src/stm32f4xx_hal_dma.o
LOAD Drivers/STM32F4xx_HAL_Driver/Src/stm32f4xx_hal_dma_ex.o
LOAD Drivers/STM32F4xx_HAL_Driver/Src/stm32f4xx_hal_exti.o
LOAD Drivers/STM32F4xx_HAL_Driver/Src/stm32f4xx_hal_flash.o
LOAD Drivers/STM32F4xx_HAL_Driver/Src/stm32f4xx_hal_flash_ex.o
LOAD Drivers/STM32F4xx_HAL_Driver/Src/stm32f4xx_hal_flash_ramfunc.o
LOAD Drivers/STM32F4xx_HAL_Driver/Src/stm32f4xx_hal_gpio.o
LOAD Drivers/STM32F4xx_HAL_Driver/Src/stm32f4xx_hal_pwr.o
LOAD Drivers/STM32F4xx_HAL_Driver/Src/stm32f4xx_hal_pwr_ex.o
LOAD Drivers/STM32F4xx_HAL_Driver/Src/stm32f4xx_hal_rcc.o
LOAD Drivers/STM32F4xx_HAL_Driver/Src/stm32f4xx_hal_rcc_ex.o
LOAD Drivers/STM32F4xx_HAL_Driver/Src/stm32f4xx_hal_spi.o
LOAD Drivers/STM32F4xx_HAL_Driver/Src/stm32f4xx_hal_tim.o
LOAD Drivers/STM32F4xx_HAL_Driver/Src/stm32f4xx_hal_tim_ex.o
LOAD Drivers/STM32F4xx_HAL_Driver/Src/stm32f4xx_hal_uart.o
START GROUP
LOAD c:/st/stm32cubeide_1.6.1/stm32cubeide/plugins/com.st.stm32cube.ide.mcu.externaltools.gnu-tools-for-stm32.9-2020-q2-update.win32_1.5.0.202011040924/tools/bin/../lib/gcc/arm-none-eabi/9.3.1/../../../../arm-none-eabi/lib/thumb/v7e-m+fp/hard\libc_nano.a
LOAD c:/st/stm32cubeide_1.6.1/stm32cubeide/plugins/com.st.stm32cube.ide.mcu.externaltools.gnu-tools-for-stm32.9-2020-q2-update.win32_1.5.0.202011040924/tools/bin/../lib/gcc/arm-none-eabi/9.3.1/../../../../arm-none-eabi/lib/thumb/v7e-m+fp/hard\libm.a
END GROUP
START GROUP
LOAD c:/st/stm32cubeide_1.6.1/stm32cubeide/plugins/com.st.stm32cube.ide.mcu.externaltools.gnu-tools-for-stm32.9-2020-q2-update.win32_1.5.0.202011040924/tools/bin/../lib/gcc/arm-none-eabi/9.3.1/thumb/v7e-m+fp/hard\libgcc.a
LOAD c:/st/stm32cubeide_1.6.1/stm32cubeide/plugins/com.st.stm32cube.ide.mcu.externaltools.gnu-tools-for-stm32.9-2020-q2-update.win32_1.5.0.202011040924/tools/bin/../lib/gcc/arm-none-eabi/9.3.1/../../../../arm-none-eabi/lib/thumb/v7e-m+fp/hard\libc_nano.a
END GROUP
START GROUP
LOAD c:/st/stm32cubeide_1.6.1/stm32cubeide/plugins/com.st.stm32cube.ide.mcu.externaltools.gnu-tools-for-stm32.9-2020-q2-update.win32_1.5.0.202011040924/tools/bin/../lib/gcc/arm-none-eabi/9.3.1/thumb/v7e-m+fp/hard\libgcc.a
LOAD c:/st/stm32cubeide_1.6.1/stm32cubeide/plugins/com.st.stm32cube.ide.mcu.externaltools.gnu-tools-for-stm32.9-2020-q2-update.win32_1.5.0.202011040924/tools/bin/../lib/gcc/arm-none-eabi/9.3.1/../../../../arm-none-eabi/lib/thumb/v7e-m+fp/hard\libc_nano.a
LOAD c:/st/stm32cubeide_1.6.1/stm32cubeide/plugins/com.st.stm32cube.ide.mcu.externaltools.gnu-tools-for-stm32.9-2020-q2-update.win32_1.5.0.202011040924/tools/bin/../lib/gcc/arm-none-eabi/9.3.1/../../../../arm-none-eabi/lib/thumb/v7e-m+fp/hard\libnosys.a
END GROUP
START GROUP
LOAD c:/st/stm32cubeide_1.6.1/stm32cubeide/plugins/com.st.stm32cube.ide.mcu.externaltools.gnu-tools-for-stm32.9-2020-q2-update.win32_1.5.0.202011040924/tools/bin/../lib/gcc/arm-none-eabi/9.3.1/thumb/v7e-m+fp/hard\libgcc.a
LOAD c:/st/stm32cubeide_1.6.1/stm32cubeide/plugins/com.st.stm32cube.ide.mcu.externaltools.gnu-tools-for-stm32.9-2020-q2-update.win32_1.5.0.202011040924/tools/bin/../lib/gcc/arm-none-eabi/9.3.1/../../../../arm-none-eabi/lib/thumb/v7e-m+fp/hard\libc_nano.a
LOAD c:/st/stm32cubeide_1.6.1/stm32cubeide/plugins/com.st.stm32cube.ide.mcu.externaltools.gnu-tools-for-stm32.9-2020-q2-update.win32_1.5.0.202011040924/tools/bin/../lib/gcc/arm-none-eabi/9.3.1/../../../../arm-none-eabi/lib/thumb/v7e-m+fp/hard\libnosys.a
END GROUP
LOAD c:/st/stm32cubeide_1.6.1/stm32cubeide/plugins/com.st.stm32cube.ide.mcu.externaltools.gnu-tools-for-stm32.9-2020-q2-update.win32_1.5.0.202011040924/tools/bin/../lib/gcc/arm-none-eabi/9.3.1/thumb/v7e-m+fp/hard/crtend.o
LOAD c:/st/stm32cubeide_1.6.1/stm32cubeide/plugins/com.st.stm32cube.ide.mcu.externaltools.gnu-tools-for-stm32.9-2020-q2-update.win32_1.5.0.202011040924/tools/bin/../lib/gcc/arm-none-eabi/9.3.1/thumb/v7e-m+fp/hard/crtn.o
                0x0000000020020000                _estack = (ORIGIN (RAM) + LENGTH (RAM))
                0x0000000000000200                _Min_Heap_Size = 0x200
                0x0000000000000400                _Min_Stack_Size = 0x400

.isr_vector     0x0000000008000000      0x188
                0x0000000008000000                . = ALIGN (0x4)
 *(.isr_vector)
 .isr_vector    0x0000000008000000      0x188 Core/Startup/startup_stm32f405rgtx.o
                0x0000000008000000                g_pfnVectors
                0x0000000008000188                . = ALIGN (0x4)

.text           0x0000000008000190     0x4358
                0x0000000008000190                . = ALIGN (0x4)
 *(.text)
 .text          0x0000000008000190       0x40 c:/st/stm32cubeide_1.6.1/stm32cubeide/plugins/com.st.stm32cube.ide.mcu.externaltools.gnu-tools-for-stm32.9-2020-q2-update.win32_1.5.0.202011040924/tools/bin/../lib/gcc/arm-none-eabi/9.3.1/thumb/v7e-m+fp/hard/crtbegin.o
 .text          0x00000000080001d0       0x10 c:/st/stm32cubeide_1.6.1/stm32cubeide/plugins/com.st.stm32cube.ide.mcu.externaltools.gnu-tools-for-stm32.9-2020-q2-update.win32_1.5.0.202011040924/tools/bin/../lib/gcc/arm-none-eabi/9.3.1/../../../../arm-none-eabi/lib/thumb/v7e-m+fp/hard\libc_nano.a(lib_a-strlen.o)
                0x00000000080001d0                strlen
 .text          0x00000000080001e0       0xa0 c:/st/stm32cubeide_1.6.1/stm32cubeide/plugins/com.st.stm32cube.ide.mcu.externaltools.gnu-tools-for-stm32.9-2020-q2-update.win32_1.5.0.202011040924/tools/bin/../lib/gcc/arm-none-eabi/9.3.1/../../../../arm-none-eabi/lib/thumb/v7e-m+fp/hard\libc_nano.a(lib_a-memchr.o)
                0x00000000080001e0                memchr
 .text          0x0000000008000280       0x30 c:/st/stm32cubeide_1.6.1/stm32cubeide/plugins/com.st.stm32cube.ide.mcu.externaltools.gnu-tools-for-stm32.9-2020-q2-update.win32_1.5.0.202011040924/tools/bin/../lib/gcc/arm-none-eabi/9.3.1/thumb/v7e-m+fp/hard\libgcc.a(_aeabi_uldivmod.o)
                0x0000000008000280                __aeabi_uldivmod
 .text          0x00000000080002b0      0x2c4 c:/st/stm32cubeide_1.6.1/stm32cubeide/plugins/com.st.stm32cube.ide.mcu.externaltools.gnu-tools-for-stm32.9-2020-q2-update.win32_1.5.0.202011040924/tools/bin/../lib/gcc/arm-none-eabi/9.3.1/thumb/v7e-m+fp/hard\libgcc.a(_udivmoddi4.o)
                0x00000000080002b0                __udivmoddi4
 .text          0x0000000008000574        0x4 c:/st/stm32cubeide_1.6.1/stm32cubeide/plugins/com.st.stm32cube.ide.mcu.externaltools.gnu-tools-for-stm32.9-2020-q2-update.win32_1.5.0.202011040924/tools/bin/../lib/gcc/arm-none-eabi/9.3.1/thumb/v7e-m+fp/hard\libgcc.a(_dvmd_tls.o)
                0x0000000008000574                __aeabi_idiv0
                0x0000000008000574                __aeabi_ldiv0
 *(.text*)
 .text.uart1_print
                0x0000000008000578       0x2c Core/Src/bms_entry.o
                0x0000000008000578                uart1_print
 .text.bms_entry
                0x00000000080005a4       0xdc Core/Src/bms_entry.o
                0x00000000080005a4                bms_entry
 .text.Buffer_init
                0x0000000008000680       0x32 Core/Src/ltc6813.o
                0x0000000008000680                Buffer_init
 .text.Buffer_append
                0x00000000080006b2       0x34 Core/Src/ltc6813.o
                0x00000000080006b2                Buffer_append
 .text.Buffer_index
                0x00000000080006e6       0x2a Core/Src/ltc6813.o
                0x00000000080006e6                Buffer_index
 .text.Buffer_set_index
                0x0000000008000710       0x30 Core/Src/ltc6813.o
                0x0000000008000710                Buffer_set_index
 .text.Buffer_add_pec
                0x0000000008000740       0x88 Core/Src/ltc6813.o
                0x0000000008000740                Buffer_add_pec
 .text.Buffer_check_pec
                0x00000000080007c8       0xac Core/Src/ltc6813.o
                0x00000000080007c8                Buffer_check_pec
 .text.Buffer_print
                0x0000000008000874       0x70 Core/Src/ltc6813.o
                0x0000000008000874                Buffer_print
 .text.Buffer_clear
                0x00000000080008e4       0x3a Core/Src/ltc6813.o
                0x00000000080008e4                Buffer_clear
 .text.Ltc6813_init
                0x000000000800091e      0x11e Core/Src/ltc6813.o
                0x000000000800091e                Ltc6813_init
 .text.Ltc6813_cs_low
                0x0000000008000a3c       0x2a Core/Src/ltc6813.o
                0x0000000008000a3c                Ltc6813_cs_low
 .text.Ltc6813_cs_high
                0x0000000008000a66       0x2a Core/Src/ltc6813.o
                0x0000000008000a66                Ltc6813_cs_high
 .text.Ltc6813_wakeup_sleep
                0x0000000008000a90       0x2a Core/Src/ltc6813.o
                0x0000000008000a90                Ltc6813_wakeup_sleep
 *fill*         0x0000000008000aba        0x2 
 .text.Ltc6813_send_cmd
                0x0000000008000abc       0x6c Core/Src/ltc6813.o
                0x0000000008000abc                Ltc6813_send_cmd
 .text.Ltc6813_read_cfga
                0x0000000008000b28       0x6c Core/Src/ltc6813.o
                0x0000000008000b28                Ltc6813_read_cfga
 .text.Ltc6813_read_cfgb
                0x0000000008000b94       0x70 Core/Src/ltc6813.o
                0x0000000008000b94                Ltc6813_read_cfgb
 .text.main     0x0000000008000c04       0x2a Core/Src/main.o
                0x0000000008000c04                main
 *fill*         0x0000000008000c2e        0x2 
 .text.SystemClock_Config
                0x0000000008000c30       0xd4 Core/Src/main.o
                0x0000000008000c30                SystemClock_Config
 .text.MX_CAN1_Init
                0x0000000008000d04       0x68 Core/Src/main.o
 .text.MX_SPI2_Init
                0x0000000008000d6c       0x6c Core/Src/main.o
 .text.MX_TIM2_Init
                0x0000000008000dd8       0x98 Core/Src/main.o
 .text.MX_USART1_UART_Init
                0x0000000008000e70       0x54 Core/Src/main.o
 .text.MX_GPIO_Init
                0x0000000008000ec4       0xfc Core/Src/main.o
 .text.Error_Handler
                0x0000000008000fc0        0xa Core/Src/main.o
                0x0000000008000fc0                Error_Handler
 *fill*         0x0000000008000fca        0x2 
 .text.HAL_MspInit
                0x0000000008000fcc       0x50 Core/Src/stm32f4xx_hal_msp.o
                0x0000000008000fcc                HAL_MspInit
 .text.HAL_CAN_MspInit
                0x000000000800101c       0x90 Core/Src/stm32f4xx_hal_msp.o
                0x000000000800101c                HAL_CAN_MspInit
 .text.HAL_SPI_MspInit
                0x00000000080010ac       0x90 Core/Src/stm32f4xx_hal_msp.o
                0x00000000080010ac                HAL_SPI_MspInit
 .text.HAL_TIM_Base_MspInit
                0x000000000800113c       0x40 Core/Src/stm32f4xx_hal_msp.o
                0x000000000800113c                HAL_TIM_Base_MspInit
 .text.HAL_UART_MspInit
                0x000000000800117c       0x90 Core/Src/stm32f4xx_hal_msp.o
                0x000000000800117c                HAL_UART_MspInit
 .text.NMI_Handler
                0x000000000800120c        0x6 Core/Src/stm32f4xx_it.o
                0x000000000800120c                NMI_Handler
 .text.HardFault_Handler
                0x0000000008001212        0x6 Core/Src/stm32f4xx_it.o
                0x0000000008001212                HardFault_Handler
 .text.MemManage_Handler
                0x0000000008001218        0x6 Core/Src/stm32f4xx_it.o
                0x0000000008001218                MemManage_Handler
 .text.BusFault_Handler
                0x000000000800121e        0x6 Core/Src/stm32f4xx_it.o
                0x000000000800121e                BusFault_Handler
 .text.UsageFault_Handler
                0x0000000008001224        0x6 Core/Src/stm32f4xx_it.o
                0x0000000008001224                UsageFault_Handler
 .text.SVC_Handler
                0x000000000800122a        0xe Core/Src/stm32f4xx_it.o
                0x000000000800122a                SVC_Handler
 .text.DebugMon_Handler
                0x0000000008001238        0xe Core/Src/stm32f4xx_it.o
                0x0000000008001238                DebugMon_Handler
 .text.PendSV_Handler
                0x0000000008001246        0xe Core/Src/stm32f4xx_it.o
                0x0000000008001246                PendSV_Handler
 .text.SysTick_Handler
                0x0000000008001254        0xc Core/Src/stm32f4xx_it.o
                0x0000000008001254                SysTick_Handler
 .text._sbrk    0x0000000008001260       0x6c Core/Src/sysmem.o
                0x0000000008001260                _sbrk
 .text.SystemInit
                0x00000000080012cc       0x24 Core/Src/system_stm32f4xx.o
                0x00000000080012cc                SystemInit
 .text.start_timers
                0x00000000080012f0       0x14 Core/Src/timer_utils.o
                0x00000000080012f0                start_timers
 .text.delay_us
                0x0000000008001304       0x34 Core/Src/timer_utils.o
                0x0000000008001304                delay_us
 .text.Reset_Handler
                0x0000000008001338       0x50 Core/Startup/startup_stm32f405rgtx.o
                0x0000000008001338                Reset_Handler
 .text.Default_Handler
                0x0000000008001388        0x2 Core/Startup/startup_stm32f405rgtx.o
                0x0000000008001388                RTC_Alarm_IRQHandler
                0x0000000008001388                HASH_RNG_IRQHandler
                0x0000000008001388                EXTI2_IRQHandler
                0x0000000008001388                TIM8_CC_IRQHandler
                0x0000000008001388                TIM1_CC_IRQHandler
                0x0000000008001388                DMA2_Stream5_IRQHandler
                0x0000000008001388                DMA1_Stream5_IRQHandler
                0x0000000008001388                PVD_IRQHandler
                0x0000000008001388                SDIO_IRQHandler
                0x0000000008001388                TAMP_STAMP_IRQHandler
                0x0000000008001388                CAN2_RX1_IRQHandler
                0x0000000008001388                EXTI3_IRQHandler
                0x0000000008001388                TIM8_TRG_COM_TIM14_IRQHandler
                0x0000000008001388                TIM1_UP_TIM10_IRQHandler
                0x0000000008001388                TIM8_UP_TIM13_IRQHandler
                0x0000000008001388                I2C3_ER_IRQHandler
                0x0000000008001388                EXTI0_IRQHandler
                0x0000000008001388                I2C2_EV_IRQHandler
                0x0000000008001388                DMA1_Stream2_IRQHandler
                0x0000000008001388                CAN1_RX0_IRQHandler
                0x0000000008001388                FPU_IRQHandler
                0x0000000008001388                OTG_HS_WKUP_IRQHandler
                0x0000000008001388                CAN2_SCE_IRQHandler
                0x0000000008001388                DMA2_Stream2_IRQHandler
                0x0000000008001388                SPI1_IRQHandler
                0x0000000008001388                TIM6_DAC_IRQHandler
                0x0000000008001388                TIM1_BRK_TIM9_IRQHandler
                0x0000000008001388                CAN2_RX0_IRQHandler
                0x0000000008001388                DMA2_Stream3_IRQHandler
                0x0000000008001388                USART6_IRQHandler
                0x0000000008001388                USART3_IRQHandler
                0x0000000008001388                CAN1_RX1_IRQHandler
                0x0000000008001388                UART5_IRQHandler
                0x0000000008001388                DMA2_Stream0_IRQHandler
                0x0000000008001388                TIM4_IRQHandler
                0x0000000008001388                I2C1_EV_IRQHandler
                0x0000000008001388                DMA1_Stream6_IRQHandler
                0x0000000008001388                DMA1_Stream1_IRQHandler
                0x0000000008001388                UART4_IRQHandler
                0x0000000008001388                TIM3_IRQHandler
                0x0000000008001388                RCC_IRQHandler
                0x0000000008001388                TIM8_BRK_TIM12_IRQHandler
                0x0000000008001388                Default_Handler
                0x0000000008001388                EXTI15_10_IRQHandler
                0x0000000008001388                ADC_IRQHandler
                0x0000000008001388                DMA1_Stream7_IRQHandler
                0x0000000008001388                TIM7_IRQHandler
                0x0000000008001388                CAN2_TX_IRQHandler
                0x0000000008001388                TIM5_IRQHandler
                0x0000000008001388                DMA2_Stream7_IRQHandler
                0x0000000008001388                I2C3_EV_IRQHandler
                0x0000000008001388                EXTI9_5_IRQHandler
                0x0000000008001388                RTC_WKUP_IRQHandler
                0x0000000008001388                SPI2_IRQHandler
                0x0000000008001388                OTG_HS_EP1_IN_IRQHandler
                0x0000000008001388                DMA1_Stream0_IRQHandler
                0x0000000008001388                CAN1_TX_IRQHandler
                0x0000000008001388                EXTI4_IRQHandler
                0x0000000008001388                FSMC_IRQHandler
                0x0000000008001388                OTG_HS_EP1_OUT_IRQHandler
                0x0000000008001388                WWDG_IRQHandler
                0x0000000008001388                TIM2_IRQHandler
                0x0000000008001388                OTG_FS_WKUP_IRQHandler
                0x0000000008001388                TIM1_TRG_COM_TIM11_IRQHandler
                0x0000000008001388                OTG_HS_IRQHandler
                0x0000000008001388                EXTI1_IRQHandler
                0x0000000008001388                USART2_IRQHandler
                0x0000000008001388                I2C2_ER_IRQHandler
                0x0000000008001388                DMA2_Stream1_IRQHandler
                0x0000000008001388                CAN1_SCE_IRQHandler
                0x0000000008001388                FLASH_IRQHandler
                0x0000000008001388                DMA2_Stream4_IRQHandler
                0x0000000008001388                USART1_IRQHandler
                0x0000000008001388                OTG_FS_IRQHandler
                0x0000000008001388                SPI3_IRQHandler
                0x0000000008001388                DMA1_Stream4_IRQHandler
                0x0000000008001388                I2C1_ER_IRQHandler
                0x0000000008001388                DMA2_Stream6_IRQHandler
                0x0000000008001388                DMA1_Stream3_IRQHandler
 *fill*         0x000000000800138a        0x2 
 .text.HAL_Init
                0x000000000800138c       0x44 Drivers/STM32F4xx_HAL_Driver/Src/stm32f4xx_hal.o
                0x000000000800138c                HAL_Init
 .text.HAL_InitTick
                0x00000000080013d0       0x60 Drivers/STM32F4xx_HAL_Driver/Src/stm32f4xx_hal.o
                0x00000000080013d0                HAL_InitTick
 .text.HAL_IncTick
                0x0000000008001430       0x28 Drivers/STM32F4xx_HAL_Driver/Src/stm32f4xx_hal.o
                0x0000000008001430                HAL_IncTick
 .text.HAL_GetTick
                0x0000000008001458       0x18 Drivers/STM32F4xx_HAL_Driver/Src/stm32f4xx_hal.o
                0x0000000008001458                HAL_GetTick
 .text.HAL_Delay
                0x0000000008001470       0x48 Drivers/STM32F4xx_HAL_Driver/Src/stm32f4xx_hal.o
                0x0000000008001470                HAL_Delay
 .text.HAL_CAN_Init
                0x00000000080014b8      0x1f6 Drivers/STM32F4xx_HAL_Driver/Src/stm32f4xx_hal_can.o
                0x00000000080014b8                HAL_CAN_Init
 *fill*         0x00000000080016ae        0x2 
 .text.__NVIC_SetPriorityGrouping
                0x00000000080016b0       0x48 Drivers/STM32F4xx_HAL_Driver/Src/stm32f4xx_hal_cortex.o
 .text.__NVIC_GetPriorityGrouping
                0x00000000080016f8       0x1c Drivers/STM32F4xx_HAL_Driver/Src/stm32f4xx_hal_cortex.o
 .text.__NVIC_SetPriority
                0x0000000008001714       0x54 Drivers/STM32F4xx_HAL_Driver/Src/stm32f4xx_hal_cortex.o
 .text.NVIC_EncodePriority
                0x0000000008001768       0x66 Drivers/STM32F4xx_HAL_Driver/Src/stm32f4xx_hal_cortex.o
 *fill*         0x00000000080017ce        0x2 
 .text.SysTick_Config
                0x00000000080017d0       0x44 Drivers/STM32F4xx_HAL_Driver/Src/stm32f4xx_hal_cortex.o
 .text.HAL_NVIC_SetPriorityGrouping
                0x0000000008001814       0x16 Drivers/STM32F4xx_HAL_Driver/Src/stm32f4xx_hal_cortex.o
                0x0000000008001814                HAL_NVIC_SetPriorityGrouping
 .text.HAL_NVIC_SetPriority
                0x000000000800182a       0x38 Drivers/STM32F4xx_HAL_Driver/Src/stm32f4xx_hal_cortex.o
                0x000000000800182a                HAL_NVIC_SetPriority
 .text.HAL_SYSTICK_Config
                0x0000000008001862       0x18 Drivers/STM32F4xx_HAL_Driver/Src/stm32f4xx_hal_cortex.o
                0x0000000008001862                HAL_SYSTICK_Config
 *fill*         0x000000000800187a        0x2 
 .text.HAL_GPIO_Init
                0x000000000800187c      0x338 Drivers/STM32F4xx_HAL_Driver/Src/stm32f4xx_hal_gpio.o
                0x000000000800187c                HAL_GPIO_Init
 .text.HAL_GPIO_WritePin
                0x0000000008001bb4       0x32 Drivers/STM32F4xx_HAL_Driver/Src/stm32f4xx_hal_gpio.o
                0x0000000008001bb4                HAL_GPIO_WritePin
 *fill*         0x0000000008001be6        0x2 
 .text.HAL_RCC_OscConfig
                0x0000000008001be8      0x4f0 Drivers/STM32F4xx_HAL_Driver/Src/stm32f4xx_hal_rcc.o
                0x0000000008001be8                HAL_RCC_OscConfig
 .text.HAL_RCC_ClockConfig
                0x00000000080020d8      0x1cc Drivers/STM32F4xx_HAL_Driver/Src/stm32f4xx_hal_rcc.o
                0x00000000080020d8                HAL_RCC_ClockConfig
 .text.HAL_RCC_GetSysClockFreq
                0x00000000080022a4      0x16c Drivers/STM32F4xx_HAL_Driver/Src/stm32f4xx_hal_rcc.o
                0x00000000080022a4                HAL_RCC_GetSysClockFreq
 .text.HAL_RCC_GetHCLKFreq
                0x0000000008002410       0x18 Drivers/STM32F4xx_HAL_Driver/Src/stm32f4xx_hal_rcc.o
                0x0000000008002410                HAL_RCC_GetHCLKFreq
 .text.HAL_RCC_GetPCLK1Freq
                0x0000000008002428       0x28 Drivers/STM32F4xx_HAL_Driver/Src/stm32f4xx_hal_rcc.o
                0x0000000008002428                HAL_RCC_GetPCLK1Freq
 .text.HAL_RCC_GetPCLK2Freq
                0x0000000008002450       0x28 Drivers/STM32F4xx_HAL_Driver/Src/stm32f4xx_hal_rcc.o
                0x0000000008002450                HAL_RCC_GetPCLK2Freq
 .text.HAL_SPI_Init
                0x0000000008002478      0x112 Drivers/STM32F4xx_HAL_Driver/Src/stm32f4xx_hal_spi.o
                0x0000000008002478                HAL_SPI_Init
 .text.HAL_SPI_Transmit
                0x000000000800258a      0x278 Drivers/STM32F4xx_HAL_Driver/Src/stm32f4xx_hal_spi.o
                0x000000000800258a                HAL_SPI_Transmit
 .text.HAL_SPI_Receive
                0x0000000008002802      0x222 Drivers/STM32F4xx_HAL_Driver/Src/stm32f4xx_hal_spi.o
                0x0000000008002802                HAL_SPI_Receive
 .text.HAL_SPI_TransmitReceive
                0x0000000008002a24      0x344 Drivers/STM32F4xx_HAL_Driver/Src/stm32f4xx_hal_spi.o
                0x0000000008002a24                HAL_SPI_TransmitReceive
 .text.SPI_WaitFlagStateUntilTimeout
                0x0000000008002d68      0x110 Drivers/STM32F4xx_HAL_Driver/Src/stm32f4xx_hal_spi.o
 .text.SPI_EndRxTransaction
                0x0000000008002e78       0xca Drivers/STM32F4xx_HAL_Driver/Src/stm32f4xx_hal_spi.o
 *fill*         0x0000000008002f42        0x2 
 .text.SPI_EndRxTxTransaction
                0x0000000008002f44       0x84 Drivers/STM32F4xx_HAL_Driver/Src/stm32f4xx_hal_spi.o
 .text.HAL_TIM_Base_Init
                0x0000000008002fc8       0x9e Drivers/STM32F4xx_HAL_Driver/Src/stm32f4xx_hal_tim.o
                0x0000000008002fc8                HAL_TIM_Base_Init
 *fill*         0x0000000008003066        0x2 
 .text.HAL_TIM_Base_Start
                0x0000000008003068       0xd0 Drivers/STM32F4xx_HAL_Driver/Src/stm32f4xx_hal_tim.o
                0x0000000008003068                HAL_TIM_Base_Start
 .text.HAL_TIM_ConfigClockSource
                0x0000000008003138      0x188 Drivers/STM32F4xx_HAL_Driver/Src/stm32f4xx_hal_tim.o
                0x0000000008003138                HAL_TIM_ConfigClockSource
 .text.TIM_Base_SetConfig
                0x00000000080032c0      0x140 Drivers/STM32F4xx_HAL_Driver/Src/stm32f4xx_hal_tim.o
                0x00000000080032c0                TIM_Base_SetConfig
 .text.TIM_TI1_ConfigInputStage
                0x0000000008003400       0x5e Drivers/STM32F4xx_HAL_Driver/Src/stm32f4xx_hal_tim.o
 .text.TIM_TI2_ConfigInputStage
                0x000000000800345e       0x60 Drivers/STM32F4xx_HAL_Driver/Src/stm32f4xx_hal_tim.o
 .text.TIM_ITRx_SetConfig
                0x00000000080034be       0x36 Drivers/STM32F4xx_HAL_Driver/Src/stm32f4xx_hal_tim.o
 .text.TIM_ETR_SetConfig
                0x00000000080034f4       0x40 Drivers/STM32F4xx_HAL_Driver/Src/stm32f4xx_hal_tim.o
                0x00000000080034f4                TIM_ETR_SetConfig
 .text.HAL_TIMEx_MasterConfigSynchronization
                0x0000000008003534       0xf8 Drivers/STM32F4xx_HAL_Driver/Src/stm32f4xx_hal_tim_ex.o
                0x0000000008003534                HAL_TIMEx_MasterConfigSynchronization
 .text.HAL_UART_Init
                0x000000000800362c       0x9a Drivers/STM32F4xx_HAL_Driver/Src/stm32f4xx_hal_uart.o
                0x000000000800362c                HAL_UART_Init
 .text.HAL_UART_Transmit
                0x00000000080036c6      0x124 Drivers/STM32F4xx_HAL_Driver/Src/stm32f4xx_hal_uart.o
                0x00000000080036c6                HAL_UART_Transmit
 .text.UART_WaitOnFlagUntilTimeout
                0x00000000080037ea       0x94 Drivers/STM32F4xx_HAL_Driver/Src/stm32f4xx_hal_uart.o
 *fill*         0x000000000800387e        0x2 
 .text.UART_SetConfig
                0x0000000008003880      0x390 Drivers/STM32F4xx_HAL_Driver/Src/stm32f4xx_hal_uart.o
 .text.__errno  0x0000000008003c10        0xc c:/st/stm32cubeide_1.6.1/stm32cubeide/plugins/com.st.stm32cube.ide.mcu.externaltools.gnu-tools-for-stm32.9-2020-q2-update.win32_1.5.0.202011040924/tools/bin/../lib/gcc/arm-none-eabi/9.3.1/../../../../arm-none-eabi/lib/thumb/v7e-m+fp/hard\libc_nano.a(lib_a-errno.o)
                0x0000000008003c10                __errno
 .text.__libc_init_array
                0x0000000008003c1c       0x48 c:/st/stm32cubeide_1.6.1/stm32cubeide/plugins/com.st.stm32cube.ide.mcu.externaltools.gnu-tools-for-stm32.9-2020-q2-update.win32_1.5.0.202011040924/tools/bin/../lib/gcc/arm-none-eabi/9.3.1/../../../../arm-none-eabi/lib/thumb/v7e-m+fp/hard\libc_nano.a(lib_a-init.o)
                0x0000000008003c1c                __libc_init_array
 .text.memcpy   0x0000000008003c64       0x1c c:/st/stm32cubeide_1.6.1/stm32cubeide/plugins/com.st.stm32cube.ide.mcu.externaltools.gnu-tools-for-stm32.9-2020-q2-update.win32_1.5.0.202011040924/tools/bin/../lib/gcc/arm-none-eabi/9.3.1/../../../../arm-none-eabi/lib/thumb/v7e-m+fp/hard\libc_nano.a(lib_a-memcpy-stub.o)
                0x0000000008003c64                memcpy
 .text.memset   0x0000000008003c80       0x10 c:/st/stm32cubeide_1.6.1/stm32cubeide/plugins/com.st.stm32cube.ide.mcu.externaltools.gnu-tools-for-stm32.9-2020-q2-update.win32_1.5.0.202011040924/tools/bin/../lib/gcc/arm-none-eabi/9.3.1/../../../../arm-none-eabi/lib/thumb/v7e-m+fp/hard\libc_nano.a(lib_a-memset.o)
                0x0000000008003c80                memset
 .text.sprintf  0x0000000008003c90       0x40 c:/st/stm32cubeide_1.6.1/stm32cubeide/plugins/com.st.stm32cube.ide.mcu.externaltools.gnu-tools-for-stm32.9-2020-q2-update.win32_1.5.0.202011040924/tools/bin/../lib/gcc/arm-none-eabi/9.3.1/../../../../arm-none-eabi/lib/thumb/v7e-m+fp/hard\libc_nano.a(lib_a-sprintf.o)
                0x0000000008003c90                siprintf
                0x0000000008003c90                sprintf
 .text.__ssputs_r
                0x0000000008003cd0       0xb6 c:/st/stm32cubeide_1.6.1/stm32cubeide/plugins/com.st.stm32cube.ide.mcu.externaltools.gnu-tools-for-stm32.9-2020-q2-update.win32_1.5.0.202011040924/tools/bin/../lib/gcc/arm-none-eabi/9.3.1/../../../../arm-none-eabi/lib/thumb/v7e-m+fp/hard\libc_nano.a(lib_a-nano-svfprintf.o)
                0x0000000008003cd0                __ssputs_r
 *fill*         0x0000000008003d86        0x2 
 .text._svfprintf_r
                0x0000000008003d88      0x200 c:/st/stm32cubeide_1.6.1/stm32cubeide/plugins/com.st.stm32cube.ide.mcu.externaltools.gnu-tools-for-stm32.9-2020-q2-update.win32_1.5.0.202011040924/tools/bin/../lib/gcc/arm-none-eabi/9.3.1/../../../../arm-none-eabi/lib/thumb/v7e-m+fp/hard\libc_nano.a(lib_a-nano-svfprintf.o)
                0x0000000008003d88                _svfiprintf_r
                0x0000000008003d88                _svfprintf_r
 .text._printf_common
                0x0000000008003f88       0xda c:/st/stm32cubeide_1.6.1/stm32cubeide/plugins/com.st.stm32cube.ide.mcu.externaltools.gnu-tools-for-stm32.9-2020-q2-update.win32_1.5.0.202011040924/tools/bin/../lib/gcc/arm-none-eabi/9.3.1/../../../../arm-none-eabi/lib/thumb/v7e-m+fp/hard\libc_nano.a(lib_a-nano-vfprintf_i.o)
                0x0000000008003f88                _printf_common
 *fill*         0x0000000008004062        0x2 
 .text._printf_i
                0x0000000008004064      0x24c c:/st/stm32cubeide_1.6.1/stm32cubeide/plugins/com.st.stm32cube.ide.mcu.externaltools.gnu-tools-for-stm32.9-2020-q2-update.win32_1.5.0.202011040924/tools/bin/../lib/gcc/arm-none-eabi/9.3.1/../../../../arm-none-eabi/lib/thumb/v7e-m+fp/hard\libc_nano.a(lib_a-nano-vfprintf_i.o)
                0x0000000008004064                _printf_i
 .text.memmove  0x00000000080042b0       0x34 c:/st/stm32cubeide_1.6.1/stm32cubeide/plugins/com.st.stm32cube.ide.mcu.externaltools.gnu-tools-for-stm32.9-2020-q2-update.win32_1.5.0.202011040924/tools/bin/../lib/gcc/arm-none-eabi/9.3.1/../../../../arm-none-eabi/lib/thumb/v7e-m+fp/hard\libc_nano.a(lib_a-memmove.o)
                0x00000000080042b0                memmove
 .text._free_r  0x00000000080042e4       0xa0 c:/st/stm32cubeide_1.6.1/stm32cubeide/plugins/com.st.stm32cube.ide.mcu.externaltools.gnu-tools-for-stm32.9-2020-q2-update.win32_1.5.0.202011040924/tools/bin/../lib/gcc/arm-none-eabi/9.3.1/../../../../arm-none-eabi/lib/thumb/v7e-m+fp/hard\libc_nano.a(lib_a-nano-freer.o)
                0x00000000080042e4                _free_r
 .text._malloc_r
                0x0000000008004384       0xb4 c:/st/stm32cubeide_1.6.1/stm32cubeide/plugins/com.st.stm32cube.ide.mcu.externaltools.gnu-tools-for-stm32.9-2020-q2-update.win32_1.5.0.202011040924/tools/bin/../lib/gcc/arm-none-eabi/9.3.1/../../../../arm-none-eabi/lib/thumb/v7e-m+fp/hard\libc_nano.a(lib_a-nano-mallocr.o)
                0x0000000008004384                _malloc_r
 .text._realloc_r
                0x0000000008004438       0x4c c:/st/stm32cubeide_1.6.1/stm32cubeide/plugins/com.st.stm32cube.ide.mcu.externaltools.gnu-tools-for-stm32.9-2020-q2-update.win32_1.5.0.202011040924/tools/bin/../lib/gcc/arm-none-eabi/9.3.1/../../../../arm-none-eabi/lib/thumb/v7e-m+fp/hard\libc_nano.a(lib_a-nano-reallocr.o)
                0x0000000008004438                _realloc_r
 .text._sbrk_r  0x0000000008004484       0x20 c:/st/stm32cubeide_1.6.1/stm32cubeide/plugins/com.st.stm32cube.ide.mcu.externaltools.gnu-tools-for-stm32.9-2020-q2-update.win32_1.5.0.202011040924/tools/bin/../lib/gcc/arm-none-eabi/9.3.1/../../../../arm-none-eabi/lib/thumb/v7e-m+fp/hard\libc_nano.a(lib_a-sbrkr.o)
                0x0000000008004484                _sbrk_r
 .text.__malloc_lock
                0x00000000080044a4        0xc c:/st/stm32cubeide_1.6.1/stm32cubeide/plugins/com.st.stm32cube.ide.mcu.externaltools.gnu-tools-for-stm32.9-2020-q2-update.win32_1.5.0.202011040924/tools/bin/../lib/gcc/arm-none-eabi/9.3.1/../../../../arm-none-eabi/lib/thumb/v7e-m+fp/hard\libc_nano.a(lib_a-mlock.o)
                0x00000000080044a4                __malloc_lock
 .text.__malloc_unlock
                0x00000000080044b0        0xc c:/st/stm32cubeide_1.6.1/stm32cubeide/plugins/com.st.stm32cube.ide.mcu.externaltools.gnu-tools-for-stm32.9-2020-q2-update.win32_1.5.0.202011040924/tools/bin/../lib/gcc/arm-none-eabi/9.3.1/../../../../arm-none-eabi/lib/thumb/v7e-m+fp/hard\libc_nano.a(lib_a-mlock.o)
                0x00000000080044b0                __malloc_unlock
 .text._malloc_usable_size_r
                0x00000000080044bc       0x10 c:/st/stm32cubeide_1.6.1/stm32cubeide/plugins/com.st.stm32cube.ide.mcu.externaltools.gnu-tools-for-stm32.9-2020-q2-update.win32_1.5.0.202011040924/tools/bin/../lib/gcc/arm-none-eabi/9.3.1/../../../../arm-none-eabi/lib/thumb/v7e-m+fp/hard\libc_nano.a(lib_a-nano-msizer.o)
                0x00000000080044bc                _malloc_usable_size_r
 .text.__retarget_lock_acquire_recursive
                0x00000000080044cc        0x2 c:/st/stm32cubeide_1.6.1/stm32cubeide/plugins/com.st.stm32cube.ide.mcu.externaltools.gnu-tools-for-stm32.9-2020-q2-update.win32_1.5.0.202011040924/tools/bin/../lib/gcc/arm-none-eabi/9.3.1/../../../../arm-none-eabi/lib/thumb/v7e-m+fp/hard\libc_nano.a(lib_a-lock.o)
                0x00000000080044cc                __retarget_lock_acquire_recursive
 .text.__retarget_lock_release_recursive
                0x00000000080044ce        0x2 c:/st/stm32cubeide_1.6.1/stm32cubeide/plugins/com.st.stm32cube.ide.mcu.externaltools.gnu-tools-for-stm32.9-2020-q2-update.win32_1.5.0.202011040924/tools/bin/../lib/gcc/arm-none-eabi/9.3.1/../../../../arm-none-eabi/lib/thumb/v7e-m+fp/hard\libc_nano.a(lib_a-lock.o)
                0x00000000080044ce                __retarget_lock_release_recursive
 *(.glue_7)
 .glue_7        0x00000000080044d0        0x0 linker stubs
 *(.glue_7t)
 .glue_7t       0x00000000080044d0        0x0 linker stubs
 *(.eh_frame)
 .eh_frame      0x00000000080044d0        0x0 c:/st/stm32cubeide_1.6.1/stm32cubeide/plugins/com.st.stm32cube.ide.mcu.externaltools.gnu-tools-for-stm32.9-2020-q2-update.win32_1.5.0.202011040924/tools/bin/../lib/gcc/arm-none-eabi/9.3.1/thumb/v7e-m+fp/hard/crtbegin.o
 *(.init)
 .init          0x00000000080044d0        0x4 c:/st/stm32cubeide_1.6.1/stm32cubeide/plugins/com.st.stm32cube.ide.mcu.externaltools.gnu-tools-for-stm32.9-2020-q2-update.win32_1.5.0.202011040924/tools/bin/../lib/gcc/arm-none-eabi/9.3.1/thumb/v7e-m+fp/hard/crti.o
                0x00000000080044d0                _init
 .init          0x00000000080044d4        0x8 c:/st/stm32cubeide_1.6.1/stm32cubeide/plugins/com.st.stm32cube.ide.mcu.externaltools.gnu-tools-for-stm32.9-2020-q2-update.win32_1.5.0.202011040924/tools/bin/../lib/gcc/arm-none-eabi/9.3.1/thumb/v7e-m+fp/hard/crtn.o
 *(.fini)
 .fini          0x00000000080044dc        0x4 c:/st/stm32cubeide_1.6.1/stm32cubeide/plugins/com.st.stm32cube.ide.mcu.externaltools.gnu-tools-for-stm32.9-2020-q2-update.win32_1.5.0.202011040924/tools/bin/../lib/gcc/arm-none-eabi/9.3.1/thumb/v7e-m+fp/hard/crti.o
                0x00000000080044dc                _fini
 .fini          0x00000000080044e0        0x8 c:/st/stm32cubeide_1.6.1/stm32cubeide/plugins/com.st.stm32cube.ide.mcu.externaltools.gnu-tools-for-stm32.9-2020-q2-update.win32_1.5.0.202011040924/tools/bin/../lib/gcc/arm-none-eabi/9.3.1/thumb/v7e-m+fp/hard/crtn.o
                0x00000000080044e8                . = ALIGN (0x4)
                0x00000000080044e8                _etext = .

.vfp11_veneer   0x00000000080044e8        0x0
 .vfp11_veneer  0x00000000080044e8        0x0 linker stubs

.v4_bx          0x00000000080044e8        0x0
 .v4_bx         0x00000000080044e8        0x0 linker stubs

.iplt           0x00000000080044e8        0x0
 .iplt          0x00000000080044e8        0x0 c:/st/stm32cubeide_1.6.1/stm32cubeide/plugins/com.st.stm32cube.ide.mcu.externaltools.gnu-tools-for-stm32.9-2020-q2-update.win32_1.5.0.202011040924/tools/bin/../lib/gcc/arm-none-eabi/9.3.1/thumb/v7e-m+fp/hard/crtbegin.o

.rodata         0x00000000080044e8      0x298
                0x00000000080044e8                . = ALIGN (0x4)
 *(.rodata)
 .rodata        0x00000000080044e8       0x32 Core/Src/bms_entry.o
 *fill*         0x000000000800451a        0x2 
 .rodata        0x000000000800451c       0x16 Core/Src/ltc6813.o
 *(.rodata*)
 *fill*         0x0000000008004532        0x2 
 .rodata._CRC15_LUT
                0x0000000008004534      0x200 Core/Src/ltc6813.o
                0x0000000008004534                _CRC15_LUT
 .rodata.AHBPrescTable
                0x0000000008004734       0x10 Core/Src/system_stm32f4xx.o
                0x0000000008004734                AHBPrescTable
 .rodata.APBPrescTable
                0x0000000008004744        0x8 Core/Src/system_stm32f4xx.o
                0x0000000008004744                APBPrescTable
 .rodata._svfprintf_r.str1.1
                0x000000000800474c       0x11 c:/st/stm32cubeide_1.6.1/stm32cubeide/plugins/com.st.stm32cube.ide.mcu.externaltools.gnu-tools-for-stm32.9-2020-q2-update.win32_1.5.0.202011040924/tools/bin/../lib/gcc/arm-none-eabi/9.3.1/../../../../arm-none-eabi/lib/thumb/v7e-m+fp/hard\libc_nano.a(lib_a-nano-svfprintf.o)
 .rodata._printf_i.str1.1
                0x000000000800475d       0x22 c:/st/stm32cubeide_1.6.1/stm32cubeide/plugins/com.st.stm32cube.ide.mcu.externaltools.gnu-tools-for-stm32.9-2020-q2-update.win32_1.5.0.202011040924/tools/bin/../lib/gcc/arm-none-eabi/9.3.1/../../../../arm-none-eabi/lib/thumb/v7e-m+fp/hard\libc_nano.a(lib_a-nano-vfprintf_i.o)
                0x0000000008004780                . = ALIGN (0x4)
 *fill*         0x000000000800477f        0x1 

.ARM.extab      0x0000000008004780        0x0
                0x0000000008004780                . = ALIGN (0x4)
 *(.ARM.extab* .gnu.linkonce.armextab.*)
                0x0000000008004780                . = ALIGN (0x4)

.ARM            0x0000000008004780        0x8
                0x0000000008004780                . = ALIGN (0x4)
                0x0000000008004780                __exidx_start = .
 *(.ARM.exidx*)
 .ARM.exidx     0x0000000008004780        0x8 c:/st/stm32cubeide_1.6.1/stm32cubeide/plugins/com.st.stm32cube.ide.mcu.externaltools.gnu-tools-for-stm32.9-2020-q2-update.win32_1.5.0.202011040924/tools/bin/../lib/gcc/arm-none-eabi/9.3.1/thumb/v7e-m+fp/hard\libgcc.a(_udivmoddi4.o)
                0x0000000008004788                __exidx_end = .
                0x0000000008004788                . = ALIGN (0x4)

.rel.dyn        0x0000000008004788        0x0
 .rel.iplt      0x0000000008004788        0x0 c:/st/stm32cubeide_1.6.1/stm32cubeide/plugins/com.st.stm32cube.ide.mcu.externaltools.gnu-tools-for-stm32.9-2020-q2-update.win32_1.5.0.202011040924/tools/bin/../lib/gcc/arm-none-eabi/9.3.1/thumb/v7e-m+fp/hard/crtbegin.o

.preinit_array  0x0000000008004788        0x0
                0x0000000008004788                . = ALIGN (0x4)
                0x0000000008004788                PROVIDE (__preinit_array_start = .)
 *(.preinit_array*)
                0x0000000008004788                PROVIDE (__preinit_array_end = .)
                0x0000000008004788                . = ALIGN (0x4)

.init_array     0x0000000008004788        0x4
                0x0000000008004788                . = ALIGN (0x4)
                0x0000000008004788                PROVIDE (__init_array_start = .)
 *(SORT_BY_NAME(.init_array.*))
 *(.init_array*)
 .init_array    0x0000000008004788        0x4 c:/st/stm32cubeide_1.6.1/stm32cubeide/plugins/com.st.stm32cube.ide.mcu.externaltools.gnu-tools-for-stm32.9-2020-q2-update.win32_1.5.0.202011040924/tools/bin/../lib/gcc/arm-none-eabi/9.3.1/thumb/v7e-m+fp/hard/crtbegin.o
                0x000000000800478c                PROVIDE (__init_array_end = .)
                0x000000000800478c                . = ALIGN (0x4)

.fini_array     0x000000000800478c        0x4
                0x000000000800478c                . = ALIGN (0x4)
                [!provide]                        PROVIDE (__fini_array_start = .)
 *(SORT_BY_NAME(.fini_array.*))
 *(.fini_array*)
 .fini_array    0x000000000800478c        0x4 c:/st/stm32cubeide_1.6.1/stm32cubeide/plugins/com.st.stm32cube.ide.mcu.externaltools.gnu-tools-for-stm32.9-2020-q2-update.win32_1.5.0.202011040924/tools/bin/../lib/gcc/arm-none-eabi/9.3.1/thumb/v7e-m+fp/hard/crtbegin.o
                [!provide]                        PROVIDE (__fini_array_end = .)
                0x0000000008004790                . = ALIGN (0x4)
                0x0000000008004790                _sidata = LOADADDR (.data)

.data           0x0000000020000000       0x70 load address 0x0000000008004790
                0x0000000020000000                . = ALIGN (0x4)
                0x0000000020000000                _sdata = .
 *(.data)
 *(.data*)
 .data.SystemCoreClock
                0x0000000020000000        0x4 Core/Src/system_stm32f4xx.o
                0x0000000020000000                SystemCoreClock
 .data.uwTickPrio
                0x0000000020000004        0x4 Drivers/STM32F4xx_HAL_Driver/Src/stm32f4xx_hal.o
                0x0000000020000004                uwTickPrio
 .data.uwTickFreq
                0x0000000020000008        0x1 Drivers/STM32F4xx_HAL_Driver/Src/stm32f4xx_hal.o
                0x0000000020000008                uwTickFreq
 *fill*         0x0000000020000009        0x3 
 .data._impure_ptr
                0x000000002000000c        0x4 c:/st/stm32cubeide_1.6.1/stm32cubeide/plugins/com.st.stm32cube.ide.mcu.externaltools.gnu-tools-for-stm32.9-2020-q2-update.win32_1.5.0.202011040924/tools/bin/../lib/gcc/arm-none-eabi/9.3.1/../../../../arm-none-eabi/lib/thumb/v7e-m+fp/hard\libc_nano.a(lib_a-impure.o)
                0x000000002000000c                _impure_ptr
 .data.impure_data
                0x0000000020000010       0x60 c:/st/stm32cubeide_1.6.1/stm32cubeide/plugins/com.st.stm32cube.ide.mcu.externaltools.gnu-tools-for-stm32.9-2020-q2-update.win32_1.5.0.202011040924/tools/bin/../lib/gcc/arm-none-eabi/9.3.1/../../../../arm-none-eabi/lib/thumb/v7e-m+fp/hard\libc_nano.a(lib_a-impure.o)
 *(.RamFunc)
 *(.RamFunc*)
                0x0000000020000070                . = ALIGN (0x4)
                0x0000000020000070                _edata = .

.igot.plt       0x0000000020000070        0x0 load address 0x0000000008004800
 .igot.plt      0x0000000020000070        0x0 c:/st/stm32cubeide_1.6.1/stm32cubeide/plugins/com.st.stm32cube.ide.mcu.externaltools.gnu-tools-for-stm32.9-2020-q2-update.win32_1.5.0.202011040924/tools/bin/../lib/gcc/arm-none-eabi/9.3.1/thumb/v7e-m+fp/hard/crtbegin.o
                0x0000000020000070                . = ALIGN (0x4)

.bss            0x0000000020000070      0x148 load address 0x0000000008004800
                0x0000000020000070                _sbss = .
                0x0000000020000070                __bss_start__ = _sbss
 *(.bss)
 .bss           0x0000000020000070       0x1c c:/st/stm32cubeide_1.6.1/stm32cubeide/plugins/com.st.stm32cube.ide.mcu.externaltools.gnu-tools-for-stm32.9-2020-q2-update.win32_1.5.0.202011040924/tools/bin/../lib/gcc/arm-none-eabi/9.3.1/thumb/v7e-m+fp/hard/crtbegin.o
 *(.bss*)
 .bss.__sbrk_heap_end
                0x000000002000008c        0x4 Core/Src/sysmem.o
 .bss.__malloc_free_list
                0x0000000020000090        0x4 c:/st/stm32cubeide_1.6.1/stm32cubeide/plugins/com.st.stm32cube.ide.mcu.externaltools.gnu-tools-for-stm32.9-2020-q2-update.win32_1.5.0.202011040924/tools/bin/../lib/gcc/arm-none-eabi/9.3.1/../../../../arm-none-eabi/lib/thumb/v7e-m+fp/hard\libc_nano.a(lib_a-nano-mallocr.o)
                0x0000000020000090                __malloc_free_list
 .bss.__malloc_sbrk_start
                0x0000000020000094        0x4 c:/st/stm32cubeide_1.6.1/stm32cubeide/plugins/com.st.stm32cube.ide.mcu.externaltools.gnu-tools-for-stm32.9-2020-q2-update.win32_1.5.0.202011040924/tools/bin/../lib/gcc/arm-none-eabi/9.3.1/../../../../arm-none-eabi/lib/thumb/v7e-m+fp/hard\libc_nano.a(lib_a-nano-mallocr.o)
                0x0000000020000094                __malloc_sbrk_start
 *(COMMON)
 COMMON         0x0000000020000098      0x10c Core/Src/main.o
                0x0000000020000098                hspi2
                0x00000000200000f0                huart1
                0x0000000020000134                htim2
                0x000000002000017c                hcan1
 COMMON         0x00000000200001a4        0x4 Drivers/STM32F4xx_HAL_Driver/Src/stm32f4xx_hal.o
                0x00000000200001a4                uwTick
 COMMON         0x00000000200001a8        0x4 c:/st/stm32cubeide_1.6.1/stm32cubeide/plugins/com.st.stm32cube.ide.mcu.externaltools.gnu-tools-for-stm32.9-2020-q2-update.win32_1.5.0.202011040924/tools/bin/../lib/gcc/arm-none-eabi/9.3.1/../../../../arm-none-eabi/lib/thumb/v7e-m+fp/hard\libc_nano.a(lib_a-reent.o)
                0x00000000200001a8                errno
 COMMON         0x00000000200001ac        0x9 c:/st/stm32cubeide_1.6.1/stm32cubeide/plugins/com.st.stm32cube.ide.mcu.externaltools.gnu-tools-for-stm32.9-2020-q2-update.win32_1.5.0.202011040924/tools/bin/../lib/gcc/arm-none-eabi/9.3.1/../../../../arm-none-eabi/lib/thumb/v7e-m+fp/hard\libc_nano.a(lib_a-lock.o)
                0x00000000200001ac                __lock___atexit_recursive_mutex
                0x00000000200001ad                __lock___arc4random_mutex
                0x00000000200001ae                __lock___env_recursive_mutex
                0x00000000200001af                __lock___sinit_recursive_mutex
                0x00000000200001b0                __lock___malloc_recursive_mutex
                0x00000000200001b1                __lock___at_quick_exit_mutex
                0x00000000200001b2                __lock___dd_hash_mutex
                0x00000000200001b3                __lock___tz_mutex
                0x00000000200001b4                __lock___sfp_recursive_mutex
                0x00000000200001b8                . = ALIGN (0x4)
 *fill*         0x00000000200001b5        0x3 
                0x00000000200001b8                _ebss = .
                0x00000000200001b8                __bss_end__ = _ebss

._user_heap_stack
                0x00000000200001b8      0x600 load address 0x0000000008004800
                0x00000000200001b8                . = ALIGN (0x8)
                [!provide]                        PROVIDE (end = .)
                0x00000000200001b8                PROVIDE (_end = .)
                0x00000000200003b8                . = (. + _Min_Heap_Size)
 *fill*         0x00000000200001b8      0x200 
                0x00000000200007b8                . = (. + _Min_Stack_Size)
 *fill*         0x00000000200003b8      0x400 
                0x00000000200007b8                . = ALIGN (0x8)

/DISCARD/
 libc.a(*)
 libm.a(*)
 libgcc.a(*)

.ARM.attributes
                0x0000000000000000       0x30
 *(.ARM.attributes)
 .ARM.attributes
                0x0000000000000000       0x1e c:/st/stm32cubeide_1.6.1/stm32cubeide/plugins/com.st.stm32cube.ide.mcu.externaltools.gnu-tools-for-stm32.9-2020-q2-update.win32_1.5.0.202011040924/tools/bin/../lib/gcc/arm-none-eabi/9.3.1/thumb/v7e-m+fp/hard/crti.o
 .ARM.attributes
                0x000000000000001e       0x34 c:/st/stm32cubeide_1.6.1/stm32cubeide/plugins/com.st.stm32cube.ide.mcu.externaltools.gnu-tools-for-stm32.9-2020-q2-update.win32_1.5.0.202011040924/tools/bin/../lib/gcc/arm-none-eabi/9.3.1/thumb/v7e-m+fp/hard/crtbegin.o
 .ARM.attributes
                0x0000000000000052       0x34 Core/Src/bms_entry.o
 .ARM.attributes
                0x0000000000000086       0x34 Core/Src/ltc6813.o
 .ARM.attributes
                0x00000000000000ba       0x34 Core/Src/main.o
 .ARM.attributes
                0x00000000000000ee       0x34 Core/Src/stm32f4xx_hal_msp.o
 .ARM.attributes
                0x0000000000000122       0x34 Core/Src/stm32f4xx_it.o
 .ARM.attributes
                0x0000000000000156       0x34 Core/Src/sysmem.o
 .ARM.attributes
                0x000000000000018a       0x34 Core/Src/system_stm32f4xx.o
 .ARM.attributes
                0x00000000000001be       0x34 Core/Src/timer_utils.o
 .ARM.attributes
                0x00000000000001f2       0x21 Core/Startup/startup_stm32f405rgtx.o
 .ARM.attributes
                0x0000000000000213       0x34 Drivers/STM32F4xx_HAL_Driver/Src/stm32f4xx_hal.o
 .ARM.attributes
                0x0000000000000247       0x34 Drivers/STM32F4xx_HAL_Driver/Src/stm32f4xx_hal_can.o
 .ARM.attributes
                0x000000000000027b       0x34 Drivers/STM32F4xx_HAL_Driver/Src/stm32f4xx_hal_cortex.o
 .ARM.attributes
                0x00000000000002af       0x34 Drivers/STM32F4xx_HAL_Driver/Src/stm32f4xx_hal_gpio.o
 .ARM.attributes
                0x00000000000002e3       0x34 Drivers/STM32F4xx_HAL_Driver/Src/stm32f4xx_hal_rcc.o
 .ARM.attributes
                0x0000000000000317       0x34 Drivers/STM32F4xx_HAL_Driver/Src/stm32f4xx_hal_spi.o
 .ARM.attributes
                0x000000000000034b       0x34 Drivers/STM32F4xx_HAL_Driver/Src/stm32f4xx_hal_tim.o
 .ARM.attributes
                0x000000000000037f       0x34 Drivers/STM32F4xx_HAL_Driver/Src/stm32f4xx_hal_tim_ex.o
 .ARM.attributes
                0x00000000000003b3       0x34 Drivers/STM32F4xx_HAL_Driver/Src/stm32f4xx_hal_uart.o
 .ARM.attributes
                0x00000000000003e7       0x34 c:/st/stm32cubeide_1.6.1/stm32cubeide/plugins/com.st.stm32cube.ide.mcu.externaltools.gnu-tools-for-stm32.9-2020-q2-update.win32_1.5.0.202011040924/tools/bin/../lib/gcc/arm-none-eabi/9.3.1/../../../../arm-none-eabi/lib/thumb/v7e-m+fp/hard\libc_nano.a(lib_a-errno.o)
 .ARM.attributes
                0x000000000000041b       0x32 c:/st/stm32cubeide_1.6.1/stm32cubeide/plugins/com.st.stm32cube.ide.mcu.externaltools.gnu-tools-for-stm32.9-2020-q2-update.win32_1.5.0.202011040924/tools/bin/../lib/gcc/arm-none-eabi/9.3.1/../../../../arm-none-eabi/lib/thumb/v7e-m+fp/hard\libc_nano.a(lib_a-impure.o)
 .ARM.attributes
                0x000000000000044d       0x34 c:/st/stm32cubeide_1.6.1/stm32cubeide/plugins/com.st.stm32cube.ide.mcu.externaltools.gnu-tools-for-stm32.9-2020-q2-update.win32_1.5.0.202011040924/tools/bin/../lib/gcc/arm-none-eabi/9.3.1/../../../../arm-none-eabi/lib/thumb/v7e-m+fp/hard\libc_nano.a(lib_a-init.o)
 .ARM.attributes
                0x0000000000000481       0x34 c:/st/stm32cubeide_1.6.1/stm32cubeide/plugins/com.st.stm32cube.ide.mcu.externaltools.gnu-tools-for-stm32.9-2020-q2-update.win32_1.5.0.202011040924/tools/bin/../lib/gcc/arm-none-eabi/9.3.1/../../../../arm-none-eabi/lib/thumb/v7e-m+fp/hard\libc_nano.a(lib_a-memcpy-stub.o)
 .ARM.attributes
                0x00000000000004b5       0x34 c:/st/stm32cubeide_1.6.1/stm32cubeide/plugins/com.st.stm32cube.ide.mcu.externaltools.gnu-tools-for-stm32.9-2020-q2-update.win32_1.5.0.202011040924/tools/bin/../lib/gcc/arm-none-eabi/9.3.1/../../../../arm-none-eabi/lib/thumb/v7e-m+fp/hard\libc_nano.a(lib_a-memset.o)
 .ARM.attributes
                0x00000000000004e9       0x34 c:/st/stm32cubeide_1.6.1/stm32cubeide/plugins/com.st.stm32cube.ide.mcu.externaltools.gnu-tools-for-stm32.9-2020-q2-update.win32_1.5.0.202011040924/tools/bin/../lib/gcc/arm-none-eabi/9.3.1/../../../../arm-none-eabi/lib/thumb/v7e-m+fp/hard\libc_nano.a(lib_a-sprintf.o)
 .ARM.attributes
                0x000000000000051d       0x17 c:/st/stm32cubeide_1.6.1/stm32cubeide/plugins/com.st.stm32cube.ide.mcu.externaltools.gnu-tools-for-stm32.9-2020-q2-update.win32_1.5.0.202011040924/tools/bin/../lib/gcc/arm-none-eabi/9.3.1/../../../../arm-none-eabi/lib/thumb/v7e-m+fp/hard\libc_nano.a(lib_a-strlen.o)
 .ARM.attributes
                0x0000000000000534       0x34 c:/st/stm32cubeide_1.6.1/stm32cubeide/plugins/com.st.stm32cube.ide.mcu.externaltools.gnu-tools-for-stm32.9-2020-q2-update.win32_1.5.0.202011040924/tools/bin/../lib/gcc/arm-none-eabi/9.3.1/../../../../arm-none-eabi/lib/thumb/v7e-m+fp/hard\libc_nano.a(lib_a-nano-svfprintf.o)
 .ARM.attributes
                0x0000000000000568       0x34 c:/st/stm32cubeide_1.6.1/stm32cubeide/plugins/com.st.stm32cube.ide.mcu.externaltools.gnu-tools-for-stm32.9-2020-q2-update.win32_1.5.0.202011040924/tools/bin/../lib/gcc/arm-none-eabi/9.3.1/../../../../arm-none-eabi/lib/thumb/v7e-m+fp/hard\libc_nano.a(lib_a-nano-vfprintf_i.o)
 .ARM.attributes
                0x000000000000059c       0x1c c:/st/stm32cubeide_1.6.1/stm32cubeide/plugins/com.st.stm32cube.ide.mcu.externaltools.gnu-tools-for-stm32.9-2020-q2-update.win32_1.5.0.202011040924/tools/bin/../lib/gcc/arm-none-eabi/9.3.1/../../../../arm-none-eabi/lib/thumb/v7e-m+fp/hard\libc_nano.a(lib_a-memchr.o)
 .ARM.attributes
                0x00000000000005b8       0x34 c:/st/stm32cubeide_1.6.1/stm32cubeide/plugins/com.st.stm32cube.ide.mcu.externaltools.gnu-tools-for-stm32.9-2020-q2-update.win32_1.5.0.202011040924/tools/bin/../lib/gcc/arm-none-eabi/9.3.1/../../../../arm-none-eabi/lib/thumb/v7e-m+fp/hard\libc_nano.a(lib_a-memmove.o)
 .ARM.attributes
                0x00000000000005ec       0x34 c:/st/stm32cubeide_1.6.1/stm32cubeide/plugins/com.st.stm32cube.ide.mcu.externaltools.gnu-tools-for-stm32.9-2020-q2-update.win32_1.5.0.202011040924/tools/bin/../lib/gcc/arm-none-eabi/9.3.1/../../../../arm-none-eabi/lib/thumb/v7e-m+fp/hard\libc_nano.a(lib_a-nano-freer.o)
 .ARM.attributes
                0x0000000000000620       0x34 c:/st/stm32cubeide_1.6.1/stm32cubeide/plugins/com.st.stm32cube.ide.mcu.externaltools.gnu-tools-for-stm32.9-2020-q2-update.win32_1.5.0.202011040924/tools/bin/../lib/gcc/arm-none-eabi/9.3.1/../../../../arm-none-eabi/lib/thumb/v7e-m+fp/hard\libc_nano.a(lib_a-nano-mallocr.o)
 .ARM.attributes
                0x0000000000000654       0x34 c:/st/stm32cubeide_1.6.1/stm32cubeide/plugins/com.st.stm32cube.ide.mcu.externaltools.gnu-tools-for-stm32.9-2020-q2-update.win32_1.5.0.202011040924/tools/bin/../lib/gcc/arm-none-eabi/9.3.1/../../../../arm-none-eabi/lib/thumb/v7e-m+fp/hard\libc_nano.a(lib_a-nano-reallocr.o)
 .ARM.attributes
                0x0000000000000688       0x34 c:/st/stm32cubeide_1.6.1/stm32cubeide/plugins/com.st.stm32cube.ide.mcu.externaltools.gnu-tools-for-stm32.9-2020-q2-update.win32_1.5.0.202011040924/tools/bin/../lib/gcc/arm-none-eabi/9.3.1/../../../../arm-none-eabi/lib/thumb/v7e-m+fp/hard\libc_nano.a(lib_a-sbrkr.o)
 .ARM.attributes
                0x00000000000006bc       0x34 c:/st/stm32cubeide_1.6.1/stm32cubeide/plugins/com.st.stm32cube.ide.mcu.externaltools.gnu-tools-for-stm32.9-2020-q2-update.win32_1.5.0.202011040924/tools/bin/../lib/gcc/arm-none-eabi/9.3.1/../../../../arm-none-eabi/lib/thumb/v7e-m+fp/hard\libc_nano.a(lib_a-mlock.o)
 .ARM.attributes
                0x00000000000006f0       0x34 c:/st/stm32cubeide_1.6.1/stm32cubeide/plugins/com.st.stm32cube.ide.mcu.externaltools.gnu-tools-for-stm32.9-2020-q2-update.win32_1.5.0.202011040924/tools/bin/../lib/gcc/arm-none-eabi/9.3.1/../../../../arm-none-eabi/lib/thumb/v7e-m+fp/hard\libc_nano.a(lib_a-nano-msizer.o)
 .ARM.attributes
                0x0000000000000724       0x34 c:/st/stm32cubeide_1.6.1/stm32cubeide/plugins/com.st.stm32cube.ide.mcu.externaltools.gnu-tools-for-stm32.9-2020-q2-update.win32_1.5.0.202011040924/tools/bin/../lib/gcc/arm-none-eabi/9.3.1/../../../../arm-none-eabi/lib/thumb/v7e-m+fp/hard\libc_nano.a(lib_a-reent.o)
 .ARM.attributes
                0x0000000000000758       0x34 c:/st/stm32cubeide_1.6.1/stm32cubeide/plugins/com.st.stm32cube.ide.mcu.externaltools.gnu-tools-for-stm32.9-2020-q2-update.win32_1.5.0.202011040924/tools/bin/../lib/gcc/arm-none-eabi/9.3.1/../../../../arm-none-eabi/lib/thumb/v7e-m+fp/hard\libc_nano.a(lib_a-lock.o)
 .ARM.attributes
                0x000000000000078c       0x1e c:/st/stm32cubeide_1.6.1/stm32cubeide/plugins/com.st.stm32cube.ide.mcu.externaltools.gnu-tools-for-stm32.9-2020-q2-update.win32_1.5.0.202011040924/tools/bin/../lib/gcc/arm-none-eabi/9.3.1/thumb/v7e-m+fp/hard\libgcc.a(_aeabi_uldivmod.o)
 .ARM.attributes
                0x00000000000007aa       0x34 c:/st/stm32cubeide_1.6.1/stm32cubeide/plugins/com.st.stm32cube.ide.mcu.externaltools.gnu-tools-for-stm32.9-2020-q2-update.win32_1.5.0.202011040924/tools/bin/../lib/gcc/arm-none-eabi/9.3.1/thumb/v7e-m+fp/hard\libgcc.a(_udivmoddi4.o)
 .ARM.attributes
                0x00000000000007de       0x1e c:/st/stm32cubeide_1.6.1/stm32cubeide/plugins/com.st.stm32cube.ide.mcu.externaltools.gnu-tools-for-stm32.9-2020-q2-update.win32_1.5.0.202011040924/tools/bin/../lib/gcc/arm-none-eabi/9.3.1/thumb/v7e-m+fp/hard\libgcc.a(_dvmd_tls.o)
 .ARM.attributes
                0x00000000000007fc       0x1e c:/st/stm32cubeide_1.6.1/stm32cubeide/plugins/com.st.stm32cube.ide.mcu.externaltools.gnu-tools-for-stm32.9-2020-q2-update.win32_1.5.0.202011040924/tools/bin/../lib/gcc/arm-none-eabi/9.3.1/thumb/v7e-m+fp/hard/crtn.o
OUTPUT(STM32F405RGTx.elf elf32-littlearm)
LOAD linker stubs
LOAD c:/st/stm32cubeide_1.6.1/stm32cubeide/plugins/com.st.stm32cube.ide.mcu.externaltools.gnu-tools-for-stm32.9-2020-q2-update.win32_1.5.0.202011040924/tools/bin/../lib/gcc/arm-none-eabi/9.3.1/../../../../arm-none-eabi/lib/thumb/v7e-m+fp/hard\libc.a
LOAD c:/st/stm32cubeide_1.6.1/stm32cubeide/plugins/com.st.stm32cube.ide.mcu.externaltools.gnu-tools-for-stm32.9-2020-q2-update.win32_1.5.0.202011040924/tools/bin/../lib/gcc/arm-none-eabi/9.3.1/../../../../arm-none-eabi/lib/thumb/v7e-m+fp/hard\libm.a
LOAD c:/st/stm32cubeide_1.6.1/stm32cubeide/plugins/com.st.stm32cube.ide.mcu.externaltools.gnu-tools-for-stm32.9-2020-q2-update.win32_1.5.0.202011040924/tools/bin/../lib/gcc/arm-none-eabi/9.3.1/thumb/v7e-m+fp/hard\libgcc.a

.debug_info     0x0000000000000000    0x1242d
 .debug_info    0x0000000000000000     0x16bd Core/Src/bms_entry.o
 .debug_info    0x00000000000016bd     0x1a62 Core/Src/ltc6813.o
 .debug_info    0x000000000000311f     0x16be Core/Src/main.o
 .debug_info    0x00000000000047dd     0x153b Core/Src/stm32f4xx_hal_msp.o
 .debug_info    0x0000000000005d18      0x222 Core/Src/stm32f4xx_it.o
 .debug_info    0x0000000000005f3a      0xa25 Core/Src/sysmem.o
 .debug_info    0x000000000000695f      0x5a4 Core/Src/system_stm32f4xx.o
 .debug_info    0x0000000000006f03      0xc6f Core/Src/timer_utils.o
 .debug_info    0x0000000000007b72       0x22 Core/Startup/startup_stm32f405rgtx.o
 .debug_info    0x0000000000007b94      0x9a0 Drivers/STM32F4xx_HAL_Driver/Src/stm32f4xx_hal.o
 .debug_info    0x0000000000008534     0x1089 Drivers/STM32F4xx_HAL_Driver/Src/stm32f4xx_hal_can.o
 .debug_info    0x00000000000095bd      0xec5 Drivers/STM32F4xx_HAL_Driver/Src/stm32f4xx_hal_cortex.o
 .debug_info    0x000000000000a482      0x83e Drivers/STM32F4xx_HAL_Driver/Src/stm32f4xx_hal_gpio.o
 .debug_info    0x000000000000acc0      0x996 Drivers/STM32F4xx_HAL_Driver/Src/stm32f4xx_hal_rcc.o
 .debug_info    0x000000000000b656     0x17c0 Drivers/STM32F4xx_HAL_Driver/Src/stm32f4xx_hal_spi.o
 .debug_info    0x000000000000ce16     0x2a90 Drivers/STM32F4xx_HAL_Driver/Src/stm32f4xx_hal_tim.o
 .debug_info    0x000000000000f8a6     0x1522 Drivers/STM32F4xx_HAL_Driver/Src/stm32f4xx_hal_tim_ex.o
 .debug_info    0x0000000000010dc8     0x1665 Drivers/STM32F4xx_HAL_Driver/Src/stm32f4xx_hal_uart.o

.debug_abbrev   0x0000000000000000     0x24e8
 .debug_abbrev  0x0000000000000000      0x23e Core/Src/bms_entry.o
 .debug_abbrev  0x000000000000023e      0x2a7 Core/Src/ltc6813.o
 .debug_abbrev  0x00000000000004e5      0x2a7 Core/Src/main.o
 .debug_abbrev  0x000000000000078c      0x24a Core/Src/stm32f4xx_hal_msp.o
 .debug_abbrev  0x00000000000009d6       0xd2 Core/Src/stm32f4xx_it.o
 .debug_abbrev  0x0000000000000aa8      0x1bf Core/Src/sysmem.o
 .debug_abbrev  0x0000000000000c67      0x145 Core/Src/system_stm32f4xx.o
 .debug_abbrev  0x0000000000000dac      0x198 Core/Src/timer_utils.o
 .debug_abbrev  0x0000000000000f44       0x12 Core/Startup/startup_stm32f405rgtx.o
 .debug_abbrev  0x0000000000000f56      0x1ed Drivers/STM32F4xx_HAL_Driver/Src/stm32f4xx_hal.o
 .debug_abbrev  0x0000000000001143      0x246 Drivers/STM32F4xx_HAL_Driver/Src/stm32f4xx_hal_can.o
 .debug_abbrev  0x0000000000001389      0x33c Drivers/STM32F4xx_HAL_Driver/Src/stm32f4xx_hal_cortex.o
 .debug_abbrev  0x00000000000016c5      0x1f1 Drivers/STM32F4xx_HAL_Driver/Src/stm32f4xx_hal_gpio.o
 .debug_abbrev  0x00000000000018b6      0x275 Drivers/STM32F4xx_HAL_Driver/Src/stm32f4xx_hal_rcc.o
 .debug_abbrev  0x0000000000001b2b      0x26e Drivers/STM32F4xx_HAL_Driver/Src/stm32f4xx_hal_spi.o
 .debug_abbrev  0x0000000000001d99      0x25e Drivers/STM32F4xx_HAL_Driver/Src/stm32f4xx_hal_tim.o
 .debug_abbrev  0x0000000000001ff7      0x266 Drivers/STM32F4xx_HAL_Driver/Src/stm32f4xx_hal_tim_ex.o
 .debug_abbrev  0x000000000000225d      0x28b Drivers/STM32F4xx_HAL_Driver/Src/stm32f4xx_hal_uart.o

.debug_aranges  0x0000000000000000      0xfa8
 .debug_aranges
                0x0000000000000000       0x38 Core/Src/bms_entry.o
 .debug_aranges
                0x0000000000000038       0x98 Core/Src/ltc6813.o
 .debug_aranges
                0x00000000000000d0       0x58 Core/Src/main.o
 .debug_aranges
                0x0000000000000128       0x60 Core/Src/stm32f4xx_hal_msp.o
 .debug_aranges
                0x0000000000000188       0x60 Core/Src/stm32f4xx_it.o
 .debug_aranges
                0x00000000000001e8       0x20 Core/Src/sysmem.o
 .debug_aranges
                0x0000000000000208       0x28 Core/Src/system_stm32f4xx.o
 .debug_aranges
                0x0000000000000230       0x28 Core/Src/timer_utils.o
 .debug_aranges
                0x0000000000000258       0x28 Core/Startup/startup_stm32f405rgtx.o
 .debug_aranges
                0x0000000000000280       0xf0 Drivers/STM32F4xx_HAL_Driver/Src/stm32f4xx_hal.o
 .debug_aranges
                0x0000000000000370      0x138 Drivers/STM32F4xx_HAL_Driver/Src/stm32f4xx_hal_can.o
 .debug_aranges
                0x00000000000004a8      0x118 Drivers/STM32F4xx_HAL_Driver/Src/stm32f4xx_hal_cortex.o
 .debug_aranges
                0x00000000000005c0       0x58 Drivers/STM32F4xx_HAL_Driver/Src/stm32f4xx_hal_gpio.o
 .debug_aranges
                0x0000000000000618       0x88 Drivers/STM32F4xx_HAL_Driver/Src/stm32f4xx_hal_rcc.o
 .debug_aranges
                0x00000000000006a0      0x1d0 Drivers/STM32F4xx_HAL_Driver/Src/stm32f4xx_hal_spi.o
 .debug_aranges
                0x0000000000000870      0x3d0 Drivers/STM32F4xx_HAL_Driver/Src/stm32f4xx_hal_tim.o
 .debug_aranges
                0x0000000000000c40      0x168 Drivers/STM32F4xx_HAL_Driver/Src/stm32f4xx_hal_tim_ex.o
 .debug_aranges
                0x0000000000000da8      0x200 Drivers/STM32F4xx_HAL_Driver/Src/stm32f4xx_hal_uart.o

.debug_ranges   0x0000000000000000      0xec0
 .debug_ranges  0x0000000000000000       0x28 Core/Src/bms_entry.o
 .debug_ranges  0x0000000000000028       0x88 Core/Src/ltc6813.o
 .debug_ranges  0x00000000000000b0       0x48 Core/Src/main.o
 .debug_ranges  0x00000000000000f8       0x50 Core/Src/stm32f4xx_hal_msp.o
 .debug_ranges  0x0000000000000148       0x50 Core/Src/stm32f4xx_it.o
 .debug_ranges  0x0000000000000198       0x10 Core/Src/sysmem.o
 .debug_ranges  0x00000000000001a8       0x18 Core/Src/system_stm32f4xx.o
 .debug_ranges  0x00000000000001c0       0x18 Core/Src/timer_utils.o
 .debug_ranges  0x00000000000001d8       0x20 Core/Startup/startup_stm32f405rgtx.o
 .debug_ranges  0x00000000000001f8       0xe0 Drivers/STM32F4xx_HAL_Driver/Src/stm32f4xx_hal.o
 .debug_ranges  0x00000000000002d8      0x128 Drivers/STM32F4xx_HAL_Driver/Src/stm32f4xx_hal_can.o
 .debug_ranges  0x0000000000000400      0x108 Drivers/STM32F4xx_HAL_Driver/Src/stm32f4xx_hal_cortex.o
 .debug_ranges  0x0000000000000508       0x48 Drivers/STM32F4xx_HAL_Driver/Src/stm32f4xx_hal_gpio.o
 .debug_ranges  0x0000000000000550       0x78 Drivers/STM32F4xx_HAL_Driver/Src/stm32f4xx_hal_rcc.o
 .debug_ranges  0x00000000000005c8      0x1c0 Drivers/STM32F4xx_HAL_Driver/Src/stm32f4xx_hal_spi.o
 .debug_ranges  0x0000000000000788      0x3c0 Drivers/STM32F4xx_HAL_Driver/Src/stm32f4xx_hal_tim.o
 .debug_ranges  0x0000000000000b48      0x158 Drivers/STM32F4xx_HAL_Driver/Src/stm32f4xx_hal_tim_ex.o
 .debug_ranges  0x0000000000000ca0      0x220 Drivers/STM32F4xx_HAL_Driver/Src/stm32f4xx_hal_uart.o

.debug_macro    0x0000000000000000    0x20531
 .debug_macro   0x0000000000000000      0x3b0 Core/Src/bms_entry.o
 .debug_macro   0x00000000000003b0      0xaa8 Core/Src/bms_entry.o
 .debug_macro   0x0000000000000e58       0x10 Core/Src/bms_entry.o
 .debug_macro   0x0000000000000e68      0x2a7 Core/Src/bms_entry.o
 .debug_macro   0x000000000000110f       0x2e Core/Src/bms_entry.o
 .debug_macro   0x000000000000113d       0x2f Core/Src/bms_entry.o
 .debug_macro   0x000000000000116c       0x22 Core/Src/bms_entry.o
 .debug_macro   0x000000000000118e       0x8e Core/Src/bms_entry.o
 .debug_macro   0x000000000000121c       0x51 Core/Src/bms_entry.o
 .debug_macro   0x000000000000126d      0x103 Core/Src/bms_entry.o
 .debug_macro   0x0000000000001370       0x6a Core/Src/bms_entry.o
 .debug_macro   0x00000000000013da      0x1df Core/Src/bms_entry.o
 .debug_macro   0x00000000000015b9       0x1c Core/Src/bms_entry.o
 .debug_macro   0x00000000000015d5       0x22 Core/Src/bms_entry.o
 .debug_macro   0x00000000000015f7       0xdf Core/Src/bms_entry.o
 .debug_macro   0x00000000000016d6     0x102d Core/Src/bms_entry.o
 .debug_macro   0x0000000000002703      0x11f Core/Src/bms_entry.o
 .debug_macro   0x0000000000002822    0x14251 Core/Src/bms_entry.o
 .debug_macro   0x0000000000016a73       0x43 Core/Src/bms_entry.o
 .debug_macro   0x0000000000016ab6     0x3659 Core/Src/bms_entry.o
 .debug_macro   0x000000000001a10f      0x174 Core/Src/bms_entry.o
 .debug_macro   0x000000000001a283       0x5c Core/Src/bms_entry.o
 .debug_macro   0x000000000001a2df      0x8a7 Core/Src/bms_entry.o
 .debug_macro   0x000000000001ab86      0x9fe Core/Src/bms_entry.o
 .debug_macro   0x000000000001b584      0x117 Core/Src/bms_entry.o
 .debug_macro   0x000000000001b69b      0x130 Core/Src/bms_entry.o
 .debug_macro   0x000000000001b7cb       0x82 Core/Src/bms_entry.o
 .debug_macro   0x000000000001b84d      0x174 Core/Src/bms_entry.o
 .debug_macro   0x000000000001b9c1      0x287 Core/Src/bms_entry.o
 .debug_macro   0x000000000001bc48       0x5f Core/Src/bms_entry.o
 .debug_macro   0x000000000001bca7      0x236 Core/Src/bms_entry.o
 .debug_macro   0x000000000001bedd      0x40f Core/Src/bms_entry.o
 .debug_macro   0x000000000001c2ec      0x12c Core/Src/bms_entry.o
 .debug_macro   0x000000000001c418      0x21e Core/Src/bms_entry.o
 .debug_macro   0x000000000001c636       0x2e Core/Src/bms_entry.o
 .debug_macro   0x000000000001c664      0x11a Core/Src/bms_entry.o
 .debug_macro   0x000000000001c77e       0x7e Core/Src/bms_entry.o
 .debug_macro   0x000000000001c7fc       0x89 Core/Src/bms_entry.o
 .debug_macro   0x000000000001c885      0x225 Core/Src/bms_entry.o
 .debug_macro   0x000000000001caaa      0x8d1 Core/Src/bms_entry.o
 .debug_macro   0x000000000001d37b       0x47 Core/Src/bms_entry.o
 .debug_macro   0x000000000001d3c2      0x295 Core/Src/bms_entry.o
 .debug_macro   0x000000000001d657      0x12d Core/Src/bms_entry.o
 .debug_macro   0x000000000001d784       0x70 Core/Src/bms_entry.o
 .debug_macro   0x000000000001d7f4       0x28 Core/Src/bms_entry.o
 .debug_macro   0x000000000001d81c       0x52 Core/Src/bms_entry.o
 .debug_macro   0x000000000001d86e       0x18 Core/Src/bms_entry.o
 .debug_macro   0x000000000001d886       0x3c Core/Src/bms_entry.o
 .debug_macro   0x000000000001d8c2       0x34 Core/Src/bms_entry.o
 .debug_macro   0x000000000001d8f6       0x16 Core/Src/bms_entry.o
 .debug_macro   0x000000000001d90c       0x35 Core/Src/bms_entry.o
 .debug_macro   0x000000000001d941      0x333 Core/Src/bms_entry.o
 .debug_macro   0x000000000001dc74       0x10 Core/Src/bms_entry.o
 .debug_macro   0x000000000001dc84       0x16 Core/Src/bms_entry.o
 .debug_macro   0x000000000001dc9a       0x43 Core/Src/bms_entry.o
 .debug_macro   0x000000000001dcdd       0x34 Core/Src/bms_entry.o
 .debug_macro   0x000000000001dd11       0x10 Core/Src/bms_entry.o
 .debug_macro   0x000000000001dd21       0x58 Core/Src/bms_entry.o
 .debug_macro   0x000000000001dd79       0x71 Core/Src/bms_entry.o
 .debug_macro   0x000000000001ddea       0x1c Core/Src/bms_entry.o
 .debug_macro   0x000000000001de06      0x12a Core/Src/bms_entry.o
 .debug_macro   0x000000000001df30       0x10 Core/Src/bms_entry.o
 .debug_macro   0x000000000001df40       0x1c Core/Src/bms_entry.o
 .debug_macro   0x000000000001df5c       0x52 Core/Src/bms_entry.o
 .debug_macro   0x000000000001dfae       0x22 Core/Src/bms_entry.o
 .debug_macro   0x000000000001dfd0       0x10 Core/Src/bms_entry.o
 .debug_macro   0x000000000001dfe0       0x40 Core/Src/bms_entry.o
 .debug_macro   0x000000000001e020       0xd5 Core/Src/bms_entry.o
 .debug_macro   0x000000000001e0f5       0x1c Core/Src/bms_entry.o
 .debug_macro   0x000000000001e111       0x3d Core/Src/bms_entry.o
 .debug_macro   0x000000000001e14e       0x16 Core/Src/bms_entry.o
 .debug_macro   0x000000000001e164      0x145 Core/Src/bms_entry.o
 .debug_macro   0x000000000001e2a9       0x16 Core/Src/bms_entry.o
 .debug_macro   0x000000000001e2bf       0x20 Core/Src/bms_entry.o
 .debug_macro   0x000000000001e2df      0x38a Core/Src/ltc6813.o
 .debug_macro   0x000000000001e669       0x22 Core/Src/ltc6813.o
 .debug_macro   0x000000000001e68b      0x204 Core/Src/main.o
 .debug_macro   0x000000000001e88f      0x1f1 Core/Src/stm32f4xx_hal_msp.o
 .debug_macro   0x000000000001ea80      0x1fb Core/Src/stm32f4xx_it.o
 .debug_macro   0x000000000001ec7b       0xff Core/Src/sysmem.o
 .debug_macro   0x000000000001ed7a      0x23b Core/Src/sysmem.o
 .debug_macro   0x000000000001efb5      0x1e2 Core/Src/system_stm32f4xx.o
 .debug_macro   0x000000000001f197      0x205 Core/Src/timer_utils.o
 .debug_macro   0x000000000001f39c      0x242 Drivers/STM32F4xx_HAL_Driver/Src/stm32f4xx_hal.o
 .debug_macro   0x000000000001f5de      0x1ea Drivers/STM32F4xx_HAL_Driver/Src/stm32f4xx_hal_can.o
 .debug_macro   0x000000000001f7c8      0x1e2 Drivers/STM32F4xx_HAL_Driver/Src/stm32f4xx_hal_cortex.o
 .debug_macro   0x000000000001f9aa      0x1e8 Drivers/STM32F4xx_HAL_Driver/Src/stm32f4xx_hal_gpio.o
 .debug_macro   0x000000000001fb92      0x206 Drivers/STM32F4xx_HAL_Driver/Src/stm32f4xx_hal_rcc.o
 .debug_macro   0x000000000001fd98      0x1f1 Drivers/STM32F4xx_HAL_Driver/Src/stm32f4xx_hal_spi.o
 .debug_macro   0x000000000001ff89      0x1e3 Drivers/STM32F4xx_HAL_Driver/Src/stm32f4xx_hal_tim.o
 .debug_macro   0x000000000002016c      0x1e2 Drivers/STM32F4xx_HAL_Driver/Src/stm32f4xx_hal_tim_ex.o
 .debug_macro   0x000000000002034e      0x1e3 Drivers/STM32F4xx_HAL_Driver/Src/stm32f4xx_hal_uart.o

.debug_line     0x0000000000000000    0x10a30
 .debug_line    0x0000000000000000      0x9e4 Core/Src/bms_entry.o
 .debug_line    0x00000000000009e4      0xc60 Core/Src/ltc6813.o
 .debug_line    0x0000000000001644      0x8da Core/Src/main.o
 .debug_line    0x0000000000001f1e      0x814 Core/Src/stm32f4xx_hal_msp.o
 .debug_line    0x0000000000002732      0x7b7 Core/Src/stm32f4xx_it.o
 .debug_line    0x0000000000002ee9      0x4f8 Core/Src/sysmem.o
 .debug_line    0x00000000000033e1      0x776 Core/Src/system_stm32f4xx.o
 .debug_line    0x0000000000003b57      0x741 Core/Src/timer_utils.o
 .debug_line    0x0000000000004298       0x88 Core/Startup/startup_stm32f405rgtx.o
 .debug_line    0x0000000000004320      0x9dc Drivers/STM32F4xx_HAL_Driver/Src/stm32f4xx_hal.o
 .debug_line    0x0000000000004cfc     0x1148 Drivers/STM32F4xx_HAL_Driver/Src/stm32f4xx_hal_can.o
 .debug_line    0x0000000000005e44      0xc8b Drivers/STM32F4xx_HAL_Driver/Src/stm32f4xx_hal_cortex.o
 .debug_line    0x0000000000006acf      0xb54 Drivers/STM32F4xx_HAL_Driver/Src/stm32f4xx_hal_gpio.o
 .debug_line    0x0000000000007623      0xd56 Drivers/STM32F4xx_HAL_Driver/Src/stm32f4xx_hal_rcc.o
 .debug_line    0x0000000000008379     0x1c64 Drivers/STM32F4xx_HAL_Driver/Src/stm32f4xx_hal_spi.o
 .debug_line    0x0000000000009fdd     0x3608 Drivers/STM32F4xx_HAL_Driver/Src/stm32f4xx_hal_tim.o
 .debug_line    0x000000000000d5e5     0x19a9 Drivers/STM32F4xx_HAL_Driver/Src/stm32f4xx_hal_tim_ex.o
 .debug_line    0x000000000000ef8e     0x1aa2 Drivers/STM32F4xx_HAL_Driver/Src/stm32f4xx_hal_uart.o

.debug_str      0x0000000000000000    0xc47b7
 .debug_str     0x0000000000000000    0xc03ef Core/Src/bms_entry.o
                                      0xc07fc (size before relaxing)
 .debug_str     0x00000000000c03ef      0x15a Core/Src/ltc6813.o
                                      0xc089c (size before relaxing)
 .debug_str     0x00000000000c0549      0x5c8 Core/Src/main.o
                                      0xbcb66 (size before relaxing)
 .debug_str     0x00000000000c0b11       0xda Core/Src/stm32f4xx_hal_msp.o
                                      0xbc96f (size before relaxing)
 .debug_str     0x00000000000c0beb       0xbd Core/Src/stm32f4xx_it.o
                                      0xbbd22 (size before relaxing)
 .debug_str     0x00000000000c0ca8      0x4e9 Core/Src/sysmem.o
                                       0x62b7 (size before relaxing)
 .debug_str     0x00000000000c1191       0xaf Core/Src/system_stm32f4xx.o
                                      0xbbc7b (size before relaxing)
 .debug_str     0x00000000000c1240       0x30 Core/Src/timer_utils.o
                                      0xbc55a (size before relaxing)
 .debug_str     0x00000000000c1270       0x36 Core/Startup/startup_stm32f405rgtx.o
                                         0x88 (size before relaxing)
 .debug_str     0x00000000000c12a6      0xa33 Drivers/STM32F4xx_HAL_Driver/Src/stm32f4xx_hal.o
                                      0xbc73c (size before relaxing)
 .debug_str     0x00000000000c1cd9      0x566 Drivers/STM32F4xx_HAL_Driver/Src/stm32f4xx_hal_can.o
                                      0xbc387 (size before relaxing)
 .debug_str     0x00000000000c223f      0x399 Drivers/STM32F4xx_HAL_Driver/Src/stm32f4xx_hal_cortex.o
                                      0xbc52b (size before relaxing)
 .debug_str     0x00000000000c25d8      0x15f Drivers/STM32F4xx_HAL_Driver/Src/stm32f4xx_hal_gpio.o
                                      0xbbe22 (size before relaxing)
 .debug_str     0x00000000000c2737      0x259 Drivers/STM32F4xx_HAL_Driver/Src/stm32f4xx_hal_rcc.o
                                      0xbc07d (size before relaxing)
 .debug_str     0x00000000000c2990      0x570 Drivers/STM32F4xx_HAL_Driver/Src/stm32f4xx_hal_spi.o
                                      0xbc51f (size before relaxing)
 .debug_str     0x00000000000c2f00      0xdeb Drivers/STM32F4xx_HAL_Driver/Src/stm32f4xx_hal_tim.o
                                      0xbcfa3 (size before relaxing)
 .debug_str     0x00000000000c3ceb      0x4ee Drivers/STM32F4xx_HAL_Driver/Src/stm32f4xx_hal_tim_ex.o
                                      0xbc754 (size before relaxing)
 .debug_str     0x00000000000c41d9      0x5de Drivers/STM32F4xx_HAL_Driver/Src/stm32f4xx_hal_uart.o
                                      0xbc5df (size before relaxing)

.comment        0x0000000000000000       0x53
 .comment       0x0000000000000000       0x53 Core/Src/bms_entry.o
                                         0x54 (size before relaxing)
 .comment       0x0000000000000053       0x54 Core/Src/ltc6813.o
 .comment       0x0000000000000053       0x54 Core/Src/main.o
 .comment       0x0000000000000053       0x54 Core/Src/stm32f4xx_hal_msp.o
 .comment       0x0000000000000053       0x54 Core/Src/stm32f4xx_it.o
 .comment       0x0000000000000053       0x54 Core/Src/sysmem.o
 .comment       0x0000000000000053       0x54 Core/Src/system_stm32f4xx.o
 .comment       0x0000000000000053       0x54 Core/Src/timer_utils.o
 .comment       0x0000000000000053       0x54 Drivers/STM32F4xx_HAL_Driver/Src/stm32f4xx_hal.o
 .comment       0x0000000000000053       0x54 Drivers/STM32F4xx_HAL_Driver/Src/stm32f4xx_hal_can.o
 .comment       0x0000000000000053       0x54 Drivers/STM32F4xx_HAL_Driver/Src/stm32f4xx_hal_cortex.o
 .comment       0x0000000000000053       0x54 Drivers/STM32F4xx_HAL_Driver/Src/stm32f4xx_hal_gpio.o
 .comment       0x0000000000000053       0x54 Drivers/STM32F4xx_HAL_Driver/Src/stm32f4xx_hal_rcc.o
 .comment       0x0000000000000053       0x54 Drivers/STM32F4xx_HAL_Driver/Src/stm32f4xx_hal_spi.o
 .comment       0x0000000000000053       0x54 Drivers/STM32F4xx_HAL_Driver/Src/stm32f4xx_hal_tim.o
 .comment       0x0000000000000053       0x54 Drivers/STM32F4xx_HAL_Driver/Src/stm32f4xx_hal_tim_ex.o
 .comment       0x0000000000000053       0x54 Drivers/STM32F4xx_HAL_Driver/Src/stm32f4xx_hal_uart.o

.debug_frame    0x0000000000000000     0x460c
 .debug_frame   0x0000000000000000       0x90 Core/Src/bms_entry.o
 .debug_frame   0x0000000000000090      0x270 Core/Src/ltc6813.o
 .debug_frame   0x0000000000000300      0x104 Core/Src/main.o
 .debug_frame   0x0000000000000404      0x160 Core/Src/stm32f4xx_hal_msp.o
 .debug_frame   0x0000000000000564      0x104 Core/Src/stm32f4xx_it.o
 .debug_frame   0x0000000000000668       0x34 Core/Src/sysmem.o
 .debug_frame   0x000000000000069c       0x58 Core/Src/system_stm32f4xx.o
 .debug_frame   0x00000000000006f4       0x54 Core/Src/timer_utils.o
 .debug_frame   0x0000000000000748      0x374 Drivers/STM32F4xx_HAL_Driver/Src/stm32f4xx_hal.o
 .debug_frame   0x0000000000000abc      0x5a0 Drivers/STM32F4xx_HAL_Driver/Src/stm32f4xx_hal_can.o
 .debug_frame   0x000000000000105c      0x498 Drivers/STM32F4xx_HAL_Driver/Src/stm32f4xx_hal_cortex.o
 .debug_frame   0x00000000000014f4      0x14c Drivers/STM32F4xx_HAL_Driver/Src/stm32f4xx_hal_gpio.o
 .debug_frame   0x0000000000001640      0x1ec Drivers/STM32F4xx_HAL_Driver/Src/stm32f4xx_hal_rcc.o
 .debug_frame   0x000000000000182c      0x824 Drivers/STM32F4xx_HAL_Driver/Src/stm32f4xx_hal_spi.o
 .debug_frame   0x0000000000002050     0x11bc Drivers/STM32F4xx_HAL_Driver/Src/stm32f4xx_hal_tim.o
 .debug_frame   0x000000000000320c      0x638 Drivers/STM32F4xx_HAL_Driver/Src/stm32f4xx_hal_tim_ex.o
 .debug_frame   0x0000000000003844      0x924 Drivers/STM32F4xx_HAL_Driver/Src/stm32f4xx_hal_uart.o
 .debug_frame   0x0000000000004168       0x20 c:/st/stm32cubeide_1.6.1/stm32cubeide/plugins/com.st.stm32cube.ide.mcu.externaltools.gnu-tools-for-stm32.9-2020-q2-update.win32_1.5.0.202011040924/tools/bin/../lib/gcc/arm-none-eabi/9.3.1/../../../../arm-none-eabi/lib/thumb/v7e-m+fp/hard\libc_nano.a(lib_a-errno.o)
 .debug_frame   0x0000000000004188       0x2c c:/st/stm32cubeide_1.6.1/stm32cubeide/plugins/com.st.stm32cube.ide.mcu.externaltools.gnu-tools-for-stm32.9-2020-q2-update.win32_1.5.0.202011040924/tools/bin/../lib/gcc/arm-none-eabi/9.3.1/../../../../arm-none-eabi/lib/thumb/v7e-m+fp/hard\libc_nano.a(lib_a-init.o)
 .debug_frame   0x00000000000041b4       0x28 c:/st/stm32cubeide_1.6.1/stm32cubeide/plugins/com.st.stm32cube.ide.mcu.externaltools.gnu-tools-for-stm32.9-2020-q2-update.win32_1.5.0.202011040924/tools/bin/../lib/gcc/arm-none-eabi/9.3.1/../../../../arm-none-eabi/lib/thumb/v7e-m+fp/hard\libc_nano.a(lib_a-memcpy-stub.o)
 .debug_frame   0x00000000000041dc       0x20 c:/st/stm32cubeide_1.6.1/stm32cubeide/plugins/com.st.stm32cube.ide.mcu.externaltools.gnu-tools-for-stm32.9-2020-q2-update.win32_1.5.0.202011040924/tools/bin/../lib/gcc/arm-none-eabi/9.3.1/../../../../arm-none-eabi/lib/thumb/v7e-m+fp/hard\libc_nano.a(lib_a-memset.o)
 .debug_frame   0x00000000000041fc       0x6c c:/st/stm32cubeide_1.6.1/stm32cubeide/plugins/com.st.stm32cube.ide.mcu.externaltools.gnu-tools-for-stm32.9-2020-q2-update.win32_1.5.0.202011040924/tools/bin/../lib/gcc/arm-none-eabi/9.3.1/../../../../arm-none-eabi/lib/thumb/v7e-m+fp/hard\libc_nano.a(lib_a-sprintf.o)
 .debug_frame   0x0000000000004268       0x90 c:/st/stm32cubeide_1.6.1/stm32cubeide/plugins/com.st.stm32cube.ide.mcu.externaltools.gnu-tools-for-stm32.9-2020-q2-update.win32_1.5.0.202011040924/tools/bin/../lib/gcc/arm-none-eabi/9.3.1/../../../../arm-none-eabi/lib/thumb/v7e-m+fp/hard\libc_nano.a(lib_a-nano-svfprintf.o)
 .debug_frame   0x00000000000042f8       0x60 c:/st/stm32cubeide_1.6.1/stm32cubeide/plugins/com.st.stm32cube.ide.mcu.externaltools.gnu-tools-for-stm32.9-2020-q2-update.win32_1.5.0.202011040924/tools/bin/../lib/gcc/arm-none-eabi/9.3.1/../../../../arm-none-eabi/lib/thumb/v7e-m+fp/hard\libc_nano.a(lib_a-nano-vfprintf_i.o)
 .debug_frame   0x0000000000004358       0x28 c:/st/stm32cubeide_1.6.1/stm32cubeide/plugins/com.st.stm32cube.ide.mcu.externaltools.gnu-tools-for-stm32.9-2020-q2-update.win32_1.5.0.202011040924/tools/bin/../lib/gcc/arm-none-eabi/9.3.1/../../../../arm-none-eabi/lib/thumb/v7e-m+fp/hard\libc_nano.a(lib_a-memmove.o)
 .debug_frame   0x0000000000004380       0x38 c:/st/stm32cubeide_1.6.1/stm32cubeide/plugins/com.st.stm32cube.ide.mcu.externaltools.gnu-tools-for-stm32.9-2020-q2-update.win32_1.5.0.202011040924/tools/bin/../lib/gcc/arm-none-eabi/9.3.1/../../../../arm-none-eabi/lib/thumb/v7e-m+fp/hard\libc_nano.a(lib_a-nano-freer.o)
 .debug_frame   0x00000000000043b8       0x30 c:/st/stm32cubeide_1.6.1/stm32cubeide/plugins/com.st.stm32cube.ide.mcu.externaltools.gnu-tools-for-stm32.9-2020-q2-update.win32_1.5.0.202011040924/tools/bin/../lib/gcc/arm-none-eabi/9.3.1/../../../../arm-none-eabi/lib/thumb/v7e-m+fp/hard\libc_nano.a(lib_a-nano-mallocr.o)
 .debug_frame   0x00000000000043e8       0x3c c:/st/stm32cubeide_1.6.1/stm32cubeide/plugins/com.st.stm32cube.ide.mcu.externaltools.gnu-tools-for-stm32.9-2020-q2-update.win32_1.5.0.202011040924/tools/bin/../lib/gcc/arm-none-eabi/9.3.1/../../../../arm-none-eabi/lib/thumb/v7e-m+fp/hard\libc_nano.a(lib_a-nano-reallocr.o)
 .debug_frame   0x0000000000004424       0x2c c:/st/stm32cubeide_1.6.1/stm32cubeide/plugins/com.st.stm32cube.ide.mcu.externaltools.gnu-tools-for-stm32.9-2020-q2-update.win32_1.5.0.202011040924/tools/bin/../lib/gcc/arm-none-eabi/9.3.1/../../../../arm-none-eabi/lib/thumb/v7e-m+fp/hard\libc_nano.a(lib_a-sbrkr.o)
 .debug_frame   0x0000000000004450       0x30 c:/st/stm32cubeide_1.6.1/stm32cubeide/plugins/com.st.stm32cube.ide.mcu.externaltools.gnu-tools-for-stm32.9-2020-q2-update.win32_1.5.0.202011040924/tools/bin/../lib/gcc/arm-none-eabi/9.3.1/../../../../arm-none-eabi/lib/thumb/v7e-m+fp/hard\libc_nano.a(lib_a-mlock.o)
 .debug_frame   0x0000000000004480       0x20 c:/st/stm32cubeide_1.6.1/stm32cubeide/plugins/com.st.stm32cube.ide.mcu.externaltools.gnu-tools-for-stm32.9-2020-q2-update.win32_1.5.0.202011040924/tools/bin/../lib/gcc/arm-none-eabi/9.3.1/../../../../arm-none-eabi/lib/thumb/v7e-m+fp/hard\libc_nano.a(lib_a-nano-msizer.o)
 .debug_frame   0x00000000000044a0       0x5c c:/st/stm32cubeide_1.6.1/stm32cubeide/plugins/com.st.stm32cube.ide.mcu.externaltools.gnu-tools-for-stm32.9-2020-q2-update.win32_1.5.0.202011040924/tools/bin/../lib/gcc/arm-none-eabi/9.3.1/../../../../arm-none-eabi/lib/thumb/v7e-m+fp/hard\libc_nano.a(lib_a-reent.o)
 .debug_frame   0x00000000000044fc       0xb0 c:/st/stm32cubeide_1.6.1/stm32cubeide/plugins/com.st.stm32cube.ide.mcu.externaltools.gnu-tools-for-stm32.9-2020-q2-update.win32_1.5.0.202011040924/tools/bin/../lib/gcc/arm-none-eabi/9.3.1/../../../../arm-none-eabi/lib/thumb/v7e-m+fp/hard\libc_nano.a(lib_a-lock.o)
 .debug_frame   0x00000000000045ac       0x2c c:/st/stm32cubeide_1.6.1/stm32cubeide/plugins/com.st.stm32cube.ide.mcu.externaltools.gnu-tools-for-stm32.9-2020-q2-update.win32_1.5.0.202011040924/tools/bin/../lib/gcc/arm-none-eabi/9.3.1/thumb/v7e-m+fp/hard\libgcc.a(_aeabi_uldivmod.o)
 .debug_frame   0x00000000000045d8       0x34 c:/st/stm32cubeide_1.6.1/stm32cubeide/plugins/com.st.stm32cube.ide.mcu.externaltools.gnu-tools-for-stm32.9-2020-q2-update.win32_1.5.0.202011040924/tools/bin/../lib/gcc/arm-none-eabi/9.3.1/thumb/v7e-m+fp/hard\libgcc.a(_udivmoddi4.o)
